   text	   data	    bss	    dec	    hex	filename
0x101f0	 0xd538	  0x43c	 121700	  1db64	/home/mlonmcu/Short-exercise-3/Gapuino_software/BUILD/GAP8_V2/GCC_RISCV/test
/home/mlonmcu/Short-exercise-3/Gapuino_software/BUILD/GAP8_V2/GCC_RISCV/test:1b000bb8 00000001 D camera_isAwaked	/home/mlonmcu/gap_sdk/rtos/pulp/pulp-os/drivers_deprecated/camera/himax.c:150
/home/mlonmcu/Short-exercise-3/Gapuino_software/BUILD/GAP8_V2/GCC_RISCV/test:00000338 00000001 D __rt_hyper_pending_emu_do_memcpy	/home/mlonmcu/gap_sdk/rtos/pulp/pulp-os/drivers/hyper/hyperram-v1.c:53
/home/mlonmcu/Short-exercise-3/Gapuino_software/BUILD/GAP8_V2/GCC_RISCV/test:1c0105f4 00000001 D zero_point	/home/mlonmcu/Short-exercise-3/Gapuino_software/main.c:72
/home/mlonmcu/Short-exercise-3/Gapuino_software/BUILD/GAP8_V2/GCC_RISCV/test:1c010618 00000002 D dense_bias	/home/mlonmcu/Short-exercise-3/Gapuino_software/main.c:75
/home/mlonmcu/Short-exercise-3/Gapuino_software/BUILD/GAP8_V2/GCC_RISCV/test:1c0098cc 00000002 T __flash_conf_init	/home/mlonmcu/gap_sdk/rtos/pmsis/pmsis_bsp/flash/flash.c:33
/home/mlonmcu/Short-exercise-3/Gapuino_software/BUILD/GAP8_V2/GCC_RISCV/test:1c00bc3c 00000002 W illegal_insn_handler_c	/home/mlonmcu/gap_sdk/rtos/pulp/pulp-os/kernel/irq.c:89
/home/mlonmcu/Short-exercise-3/Gapuino_software/BUILD/GAP8_V2/GCC_RISCV/test:1c00a060 00000002 t __pi_host_fs_unmount	/home/mlonmcu/gap_sdk/rtos/pmsis/pmsis_bsp/fs/host_fs/host_fs.c:40
/home/mlonmcu/Short-exercise-3/Gapuino_software/BUILD/GAP8_V2/GCC_RISCV/test:1c00ac3c 00000002 T pi_partition_table_free	/home/mlonmcu/gap_sdk/rtos/pmsis/pmsis_bsp/partition/partition.c:46
/home/mlonmcu/Short-exercise-3/Gapuino_software/BUILD/GAP8_V2/GCC_RISCV/test:1c00c32a 00000002 T pi_task_push_delayed_us	/home/mlonmcu/gap_sdk/rtos/pulp/pulp-os/kernel/events.c:273
/home/mlonmcu/Short-exercise-3/Gapuino_software/BUILD/GAP8_V2/GCC_RISCV/test:1c00ce2c 00000002 T __rt_fll_deinit	/home/mlonmcu/gap_sdk/rtos/pulp/pulp-os/kernel/gap/pmu_driver.c:876
/home/mlonmcu/Short-exercise-3/Gapuino_software/BUILD/GAP8_V2/GCC_RISCV/test:1c00ce2e 00000002 T __rt_flls_constructor	/home/mlonmcu/gap_sdk/rtos/pulp/pulp-os/kernel/gap/pmu_driver.c:880
/home/mlonmcu/Short-exercise-3/Gapuino_software/BUILD/GAP8_V2/GCC_RISCV/test:1c01c28c 00000003 d ToHWDCDC_Pos	/home/mlonmcu/gap_sdk/rtos/pulp/pulp-os/kernel/gap/pmu_driver.c:192
/home/mlonmcu/Short-exercise-3/Gapuino_software/BUILD/GAP8_V2/GCC_RISCV/test:1c00ba32 00000004 T bsp_hyperflash_open
/home/mlonmcu/Short-exercise-3/Gapuino_software/BUILD/GAP8_V2/GCC_RISCV/test:1c00f704 00000004 t ctor_list	/home/mlonmcu/gap_sdk/rtos/pulp/pulp-os/kernel/init.c:29
/home/mlonmcu/Short-exercise-3/Gapuino_software/BUILD/GAP8_V2/GCC_RISCV/test:1c00f748 00000004 t dtor_list	/home/mlonmcu/gap_sdk/rtos/pulp/pulp-os/kernel/init.c:30
/home/mlonmcu/Short-exercise-3/Gapuino_software/BUILD/GAP8_V2/GCC_RISCV/test:1c0105d8 00000004 D fft_flag	/home/mlonmcu/Short-exercise-3/Gapuino_software/main.c:67
/home/mlonmcu/Short-exercise-3/Gapuino_software/BUILD/GAP8_V2/GCC_RISCV/test:1c01c740 00000004 B first_delayed
/home/mlonmcu/Short-exercise-3/Gapuino_software/BUILD/GAP8_V2/GCC_RISCV/test:1c0105d4 00000004 D NN_input	/home/mlonmcu/Short-exercise-3/Gapuino_software/main.c:77
/home/mlonmcu/Short-exercise-3/Gapuino_software/BUILD/GAP8_V2/GCC_RISCV/test:1c0105d0 00000004 D NN_output	/home/mlonmcu/Short-exercise-3/Gapuino_software/main.c:78
/home/mlonmcu/Short-exercise-3/Gapuino_software/BUILD/GAP8_V2/GCC_RISCV/test:1c00a1a8 00000004 t __pi_host_fs_direct_read_async
/home/mlonmcu/Short-exercise-3/Gapuino_software/BUILD/GAP8_V2/GCC_RISCV/test:1c01c620 00000004 b __pi_hyper_cluster_reqs_first	/home/mlonmcu/gap_sdk/rtos/pulp/pulp-os/drivers/hyper/hyperram-v1.c:62
/home/mlonmcu/Short-exercise-3/Gapuino_software/BUILD/GAP8_V2/GCC_RISCV/test:1c00bbec 00000004 T pi_open_from_conf	/home/mlonmcu/gap_sdk/rtos/pulp/pulp-os/kernel/init.c:325
/home/mlonmcu/Short-exercise-3/Gapuino_software/BUILD/GAP8_V2/GCC_RISCV/test:1c00ac3e 00000004 T pi_partition_table_load	/home/mlonmcu/gap_sdk/rtos/pmsis/pmsis_bsp/partition/partition.c:51
/home/mlonmcu/Short-exercise-3/Gapuino_software/BUILD/GAP8_V2/GCC_RISCV/test:1c01c290 00000004 D PMURetentionState
/home/mlonmcu/Short-exercise-3/Gapuino_software/BUILD/GAP8_V2/GCC_RISCV/test:1c01c628 00000004 b __pos_i2s_global_open_count	/home/mlonmcu/gap_sdk/rtos/pulp/pulp-os/drivers/i2s/i2s-v1.c:26
/home/mlonmcu/Short-exercise-3/Gapuino_software/BUILD/GAP8_V2/GCC_RISCV/test:00000354 00000004 D pwmEventsStatus	/home/mlonmcu/gap_sdk/rtos/pulp/pulp-os/drivers/pwm/pwm.c:9
/home/mlonmcu/Short-exercise-3/Gapuino_software/BUILD/GAP8_V2/GCC_RISCV/test:1000001c 00000004 D quant_model_L1_Memory
/home/mlonmcu/Short-exercise-3/Gapuino_software/BUILD/GAP8_V2/GCC_RISCV/test:1c0105f0 00000004 D quant_model_L2_Memory
/home/mlonmcu/Short-exercise-3/Gapuino_software/BUILD/GAP8_V2/GCC_RISCV/test:1c01c60c 00000004 B quant_model_L3_Flash
/home/mlonmcu/Short-exercise-3/Gapuino_software/BUILD/GAP8_V2/GCC_RISCV/test:1c01c29c 00000004 d RetPMUStateToPMUState	/home/mlonmcu/gap_sdk/rtos/pulp/pulp-os/kernel/gap/pmu_driver.c:185
/home/mlonmcu/Short-exercise-3/Gapuino_software/BUILD/GAP8_V2/GCC_RISCV/test:1c01c73c 00000004 B __rt_alloc_fc_tcdm
/home/mlonmcu/Short-exercise-3/Gapuino_software/BUILD/GAP8_V2/GCC_RISCV/test:1c01c734 00000004 B __rt_alloc_l1
/home/mlonmcu/Short-exercise-3/Gapuino_software/BUILD/GAP8_V2/GCC_RISCV/test:1c01c738 00000004 B __rt_alloc_l2
/home/mlonmcu/Short-exercise-3/Gapuino_software/BUILD/GAP8_V2/GCC_RISCV/test:00000014 00000004 d __rt_bridge_eeprom_handle	/home/mlonmcu/gap_sdk/rtos/pulp/pulp-os/kernel/bridge.c:25
/home/mlonmcu/Short-exercise-3/Gapuino_software/BUILD/GAP8_V2/GCC_RISCV/test:00000010 00000004 d __rt_bridge_flash_cs	/home/mlonmcu/gap_sdk/rtos/pulp/pulp-os/kernel/bridge.c:29
/home/mlonmcu/Short-exercise-3/Gapuino_software/BUILD/GAP8_V2/GCC_RISCV/test:00000004 00000004 d __rt_bridge_flash_handle	/home/mlonmcu/gap_sdk/rtos/pulp/pulp-os/kernel/bridge.c:26
/home/mlonmcu/Short-exercise-3/Gapuino_software/BUILD/GAP8_V2/GCC_RISCV/test:0000000c 00000004 d __rt_bridge_flash_itf	/home/mlonmcu/gap_sdk/rtos/pulp/pulp-os/kernel/bridge.c:28
/home/mlonmcu/Short-exercise-3/Gapuino_software/BUILD/GAP8_V2/GCC_RISCV/test:00000008 00000004 d __rt_bridge_flash_type	/home/mlonmcu/gap_sdk/rtos/pulp/pulp-os/kernel/bridge.c:27
/home/mlonmcu/Short-exercise-3/Gapuino_software/BUILD/GAP8_V2/GCC_RISCV/test:00000390 00000004 D __rtc_handler	/home/mlonmcu/gap_sdk/rtos/pulp/pulp-os/drivers_deprecated/dolphin/rtc.c:25
/home/mlonmcu/Short-exercise-3/Gapuino_software/BUILD/GAP8_V2/GCC_RISCV/test:10000020 00000004 D __rt_cluster_fc_task_lock	/home/mlonmcu/gap_sdk/rtos/pulp/pulp-os/kernel/cluster.c:59
/home/mlonmcu/Short-exercise-3/Gapuino_software/BUILD/GAP8_V2/GCC_RISCV/test:00000018 00000004 D __rt_cluster_nb_active_pe
/home/mlonmcu/Short-exercise-3/Gapuino_software/BUILD/GAP8_V2/GCC_RISCV/test:1c01c750 00000004 B __rt_cluster_tasks	/home/mlonmcu/gap_sdk/rtos/pulp/pulp-os/kernel/cluster.c:41
/home/mlonmcu/Short-exercise-3/Gapuino_software/BUILD/GAP8_V2/GCC_RISCV/test:1b000b9c 00000004 D __rt_debug_config
/home/mlonmcu/Short-exercise-3/Gapuino_software/BUILD/GAP8_V2/GCC_RISCV/test:1b000b98 00000004 D __rt_debug_config_trace
/home/mlonmcu/Short-exercise-3/Gapuino_software/BUILD/GAP8_V2/GCC_RISCV/test:00000014 00000004 D __rt_dma_first_pending
/home/mlonmcu/Short-exercise-3/Gapuino_software/BUILD/GAP8_V2/GCC_RISCV/test:00000010 00000004 D __rt_dma_last_pending
/home/mlonmcu/Short-exercise-3/Gapuino_software/BUILD/GAP8_V2/GCC_RISCV/test:1c01c61c 00000004 b __rt_fc_cluster_device	/home/mlonmcu/gap_sdk/rtos/pulp/pulp-os/kernel/pulpos_emu.c:25
/home/mlonmcu/Short-exercise-3/Gapuino_software/BUILD/GAP8_V2/GCC_RISCV/test:1c0105c4 00000004 V __rt_fc_stack_size	/home/mlonmcu/gap_sdk/rtos/pulp/pulp-os/kernel/conf.c:36
/home/mlonmcu/Short-exercise-3/Gapuino_software/BUILD/GAP8_V2/GCC_RISCV/test:00000018 00000004 D __rt_first_free
/home/mlonmcu/Short-exercise-3/Gapuino_software/BUILD/GAP8_V2/GCC_RISCV/test:00000324 00000004 D __rt_hyper_current_task	/home/mlonmcu/gap_sdk/rtos/pulp/pulp-os/drivers/hyper/hyperram-v1.c:27
/home/mlonmcu/Short-exercise-3/Gapuino_software/BUILD/GAP8_V2/GCC_RISCV/test:00000320 00000004 D __rt_hyper_end_task	/home/mlonmcu/gap_sdk/rtos/pulp/pulp-os/drivers/hyper/hyperram-v1.c:25
/home/mlonmcu/Short-exercise-3/Gapuino_software/BUILD/GAP8_V2/GCC_RISCV/test:1c01c624 00000004 b __rt_hyper_open_count	/home/mlonmcu/gap_sdk/rtos/pulp/pulp-os/drivers/hyper/hyperram-v1.c:65
/home/mlonmcu/Short-exercise-3/Gapuino_software/BUILD/GAP8_V2/GCC_RISCV/test:00000314 00000004 D __rt_hyper_pending_addr	/home/mlonmcu/gap_sdk/rtos/pulp/pulp-os/drivers/hyper/hyperram-v1.c:33
/home/mlonmcu/Short-exercise-3/Gapuino_software/BUILD/GAP8_V2/GCC_RISCV/test:0000030c 00000004 D __rt_hyper_pending_base	/home/mlonmcu/gap_sdk/rtos/pulp/pulp-os/drivers/hyper/hyperram-v1.c:31
/home/mlonmcu/Short-exercise-3/Gapuino_software/BUILD/GAP8_V2/GCC_RISCV/test:00000330 00000004 D __rt_hyper_pending_emu_addr	/home/mlonmcu/gap_sdk/rtos/pulp/pulp-os/drivers/hyper/hyperram-v1.c:48
/home/mlonmcu/Short-exercise-3/Gapuino_software/BUILD/GAP8_V2/GCC_RISCV/test:00000328 00000004 D __rt_hyper_pending_emu_channel	/home/mlonmcu/gap_sdk/rtos/pulp/pulp-os/drivers/hyper/hyperram-v1.c:46
/home/mlonmcu/Short-exercise-3/Gapuino_software/BUILD/GAP8_V2/GCC_RISCV/test:0000032c 00000004 D __rt_hyper_pending_emu_hyper_addr	/home/mlonmcu/gap_sdk/rtos/pulp/pulp-os/drivers/hyper/hyperram-v1.c:47
/home/mlonmcu/Short-exercise-3/Gapuino_software/BUILD/GAP8_V2/GCC_RISCV/test:0000034c 00000004 D __rt_hyper_pending_emu_length	/home/mlonmcu/gap_sdk/rtos/pulp/pulp-os/drivers/hyper/hyperram-v1.c:51
/home/mlonmcu/Short-exercise-3/Gapuino_software/BUILD/GAP8_V2/GCC_RISCV/test:00000334 00000004 D __rt_hyper_pending_emu_size	/home/mlonmcu/gap_sdk/rtos/pulp/pulp-os/drivers/hyper/hyperram-v1.c:49
/home/mlonmcu/Short-exercise-3/Gapuino_software/BUILD/GAP8_V2/GCC_RISCV/test:00000348 00000004 D __rt_hyper_pending_emu_size_2d	/home/mlonmcu/gap_sdk/rtos/pulp/pulp-os/drivers/hyper/hyperram-v1.c:50
/home/mlonmcu/Short-exercise-3/Gapuino_software/BUILD/GAP8_V2/GCC_RISCV/test:00000350 00000004 D __rt_hyper_pending_emu_stride	/home/mlonmcu/gap_sdk/rtos/pulp/pulp-os/drivers/hyper/hyperram-v1.c:52
/home/mlonmcu/Short-exercise-3/Gapuino_software/BUILD/GAP8_V2/GCC_RISCV/test:0000033c 00000004 D __rt_hyper_pending_emu_task	/home/mlonmcu/gap_sdk/rtos/pulp/pulp-os/drivers/hyper/hyperram-v1.c:54
/home/mlonmcu/Short-exercise-3/Gapuino_software/BUILD/GAP8_V2/GCC_RISCV/test:00000310 00000004 D __rt_hyper_pending_hyper_addr	/home/mlonmcu/gap_sdk/rtos/pulp/pulp-os/drivers/hyper/hyperram-v1.c:32
/home/mlonmcu/Short-exercise-3/Gapuino_software/BUILD/GAP8_V2/GCC_RISCV/test:00000318 00000004 D __rt_hyper_pending_repeat	/home/mlonmcu/gap_sdk/rtos/pulp/pulp-os/drivers/hyper/hyperram-v1.c:34
/home/mlonmcu/Short-exercise-3/Gapuino_software/BUILD/GAP8_V2/GCC_RISCV/test:0000031c 00000004 D __rt_hyper_pending_repeat_size	/home/mlonmcu/gap_sdk/rtos/pulp/pulp-os/drivers/hyper/hyperram-v1.c:35
/home/mlonmcu/Short-exercise-3/Gapuino_software/BUILD/GAP8_V2/GCC_RISCV/test:00000340 00000004 D __rt_hyper_pending_tasks	/home/mlonmcu/gap_sdk/rtos/pulp/pulp-os/drivers/hyper/hyperram-v1.c:39
/home/mlonmcu/Short-exercise-3/Gapuino_software/BUILD/GAP8_V2/GCC_RISCV/test:00000344 00000004 D __rt_hyper_pending_tasks_last	/home/mlonmcu/gap_sdk/rtos/pulp/pulp-os/drivers/hyper/hyperram-v1.c:40
/home/mlonmcu/Short-exercise-3/Gapuino_software/BUILD/GAP8_V2/GCC_RISCV/test:1c00dc62 00000004 T __rt_hyper_resume_copy	/home/mlonmcu/gap_sdk/rtos/pulp/pulp-os/drivers/hyper/hyperram-v1.c:988
/home/mlonmcu/Short-exercise-3/Gapuino_software/BUILD/GAP8_V2/GCC_RISCV/test:00000308 00000004 D __rt_hyper_udma_handle
/home/mlonmcu/Short-exercise-3/Gapuino_software/BUILD/GAP8_V2/GCC_RISCV/test:1c01c62c 00000004 b __rt_i2s_first	/home/mlonmcu/gap_sdk/rtos/pulp/pulp-os/drivers_deprecated/i2s/i2s-v1.c:40
/home/mlonmcu/Short-exercise-3/Gapuino_software/BUILD/GAP8_V2/GCC_RISCV/test:1c01c610 00000004 V __rt_iodev
/home/mlonmcu/Short-exercise-3/Gapuino_software/BUILD/GAP8_V2/GCC_RISCV/test:1c0105c8 00000004 V __rt_iodev_uart_baudrate
/home/mlonmcu/Short-exercise-3/Gapuino_software/BUILD/GAP8_V2/GCC_RISCV/test:1c01c614 00000004 V __rt_iodev_uart_channel
/home/mlonmcu/Short-exercise-3/Gapuino_software/BUILD/GAP8_V2/GCC_RISCV/test:1c01c638 00000004 b __rt_io_event_current	/home/mlonmcu/gap_sdk/rtos/pulp/pulp-os/libs/io/io.c:40
/home/mlonmcu/Short-exercise-3/Gapuino_software/BUILD/GAP8_V2/GCC_RISCV/test:1c01c63c 00000004 b __rt_io_pending_flush	/home/mlonmcu/gap_sdk/rtos/pulp/pulp-os/libs/io/io.c:50
/home/mlonmcu/Short-exercise-3/Gapuino_software/BUILD/GAP8_V2/GCC_RISCV/test:1c01c644 00000004 b _rt_io_uart	/home/mlonmcu/gap_sdk/rtos/pulp/pulp-os/libs/io/io.c:38
/home/mlonmcu/Short-exercise-3/Gapuino_software/BUILD/GAP8_V2/GCC_RISCV/test:1c0105cc 00000004 V __rt_platform
/home/mlonmcu/Short-exercise-3/Gapuino_software/BUILD/GAP8_V2/GCC_RISCV/test:1c01c640 00000004 b __rt_putc_host_buffer_index	/home/mlonmcu/gap_sdk/rtos/pulp/pulp-os/libs/io/io.c:48
/home/mlonmcu/Short-exercise-3/Gapuino_software/BUILD/GAP8_V2/GCC_RISCV/test:0000038c 00000004 D __rt_rtc_init_done	/home/mlonmcu/gap_sdk/rtos/pulp/pulp-os/drivers_deprecated/dolphin/rtc.c:26
/home/mlonmcu/Short-exercise-3/Gapuino_software/BUILD/GAP8_V2/GCC_RISCV/test:1c01c74c 00000004 B __rt_wakeup_use_fast	/home/mlonmcu/gap_sdk/rtos/pulp/pulp-os/kernel/gap/pmu_driver.c:173
/home/mlonmcu/Short-exercise-3/Gapuino_software/BUILD/GAP8_V2/GCC_RISCV/test:1c01c618 00000004 b timer_count	/home/mlonmcu/gap_sdk/rtos/pulp/pulp-os/kernel/time.c:23
/home/mlonmcu/Short-exercise-3/Gapuino_software/BUILD/GAP8_V2/GCC_RISCV/test:1c00c4fe 00000006 T pi_cl_l1_malloc	/home/mlonmcu/gap_sdk/rtos/pulp/pulp-os/kernel/alloc.c:582
/home/mlonmcu/Short-exercise-3/Gapuino_software/BUILD/GAP8_V2/GCC_RISCV/test:1c00d026 00000006 T pi_cluster_conf_init	/home/mlonmcu/gap_sdk/rtos/pulp/pulp-os/kernel/cluster.c:337
/home/mlonmcu/Short-exercise-3/Gapuino_software/BUILD/GAP8_V2/GCC_RISCV/test:1c00a086 00000006 t __pi_host_fs_seek	/home/mlonmcu/gap_sdk/rtos/pmsis/pmsis_bsp/fs/host_fs/host_fs.c:109
/home/mlonmcu/Short-exercise-3/Gapuino_software/BUILD/GAP8_V2/GCC_RISCV/test:1c009ae8 00000006 t __pi_read_fs_unmount	/home/mlonmcu/gap_sdk/rtos/pmsis/pmsis_bsp/fs/read_fs/read_fs.c:230
/home/mlonmcu/Short-exercise-3/Gapuino_software/BUILD/GAP8_V2/GCC_RISCV/test:1c00e508 00000006 T putchar	/home/mlonmcu/gap_sdk/rtos/pulp/pulp-os/libs/io/io.c:621
/home/mlonmcu/Short-exercise-3/Gapuino_software/BUILD/GAP8_V2/GCC_RISCV/test:1c00ce30 00000006 T __rt_fll_set_freq	/home/mlonmcu/gap_sdk/rtos/pulp/pulp-os/kernel/gap/pmu_driver.c:884
/home/mlonmcu/Short-exercise-3/Gapuino_software/BUILD/GAP8_V2/GCC_RISCV/test:1c01c274 00000007 d SystemStateToSCUFastSeq	/home/mlonmcu/gap_sdk/rtos/pulp/pulp-os/kernel/gap/pmu_driver.c:176
/home/mlonmcu/Short-exercise-3/Gapuino_software/BUILD/GAP8_V2/GCC_RISCV/test:1c01c294 00000008 D FllsFrequency
/home/mlonmcu/Short-exercise-3/Gapuino_software/BUILD/GAP8_V2/GCC_RISCV/test:1c0099c4 00000008 t pi_flash_read_async	/home/mlonmcu/gap_sdk/rtos/pmsis/pmsis_bsp/include/bsp/flash.h:422
/home/mlonmcu/Short-exercise-3/Gapuino_software/BUILD/GAP8_V2/GCC_RISCV/test:1c00994e 00000008 T pi_fs_close	/home/mlonmcu/gap_sdk/rtos/pmsis/pmsis_bsp/fs/fs.c:80
/home/mlonmcu/Short-exercise-3/Gapuino_software/BUILD/GAP8_V2/GCC_RISCV/test:1c009946 00000008 T pi_fs_open	/home/mlonmcu/gap_sdk/rtos/pmsis/pmsis_bsp/fs/fs.c:74
/home/mlonmcu/Short-exercise-3/Gapuino_software/BUILD/GAP8_V2/GCC_RISCV/test:1c009956 00000008 T pi_fs_read_async	/home/mlonmcu/gap_sdk/rtos/pmsis/pmsis_bsp/fs/fs.c:85
/home/mlonmcu/Short-exercise-3/Gapuino_software/BUILD/GAP8_V2/GCC_RISCV/test:1c00993e 00000008 T pi_fs_unmount	/home/mlonmcu/gap_sdk/rtos/pmsis/pmsis_bsp/fs/fs.c:68
/home/mlonmcu/Short-exercise-3/Gapuino_software/BUILD/GAP8_V2/GCC_RISCV/test:1c009988 00000008 T pi_fs_write_async	/home/mlonmcu/gap_sdk/rtos/pmsis/pmsis_bsp/fs/fs.c:98
/home/mlonmcu/Short-exercise-3/Gapuino_software/BUILD/GAP8_V2/GCC_RISCV/test:1c01c744 00000008 B __rt_freq_domains
/home/mlonmcu/Short-exercise-3/Gapuino_software/BUILD/GAP8_V2/GCC_RISCV/test:1c00dc5a 00000008 T __rt_hyper_resume_emu_task	/home/mlonmcu/gap_sdk/rtos/pulp/pulp-os/drivers/hyper/hyperram-v1.c:980
/home/mlonmcu/Short-exercise-3/Gapuino_software/BUILD/GAP8_V2/GCC_RISCV/test:000002b0 00000008 D __rt_socevents_status
/home/mlonmcu/Short-exercise-3/Gapuino_software/BUILD/GAP8_V2/GCC_RISCV/test:1c01c630 00000008 b __rt_spim_open_count	/home/mlonmcu/gap_sdk/rtos/pulp/pulp-os/drivers_deprecated/spim/spim-v2.c:26
/home/mlonmcu/Short-exercise-3/Gapuino_software/BUILD/GAP8_V2/GCC_RISCV/test:1c00b9c6 00000008 T semihost_close	/home/mlonmcu/gap_sdk/rtos/pmsis/pmsis_bsp/fs/host_fs/semihost.c:18
/home/mlonmcu/Short-exercise-3/Gapuino_software/BUILD/GAP8_V2/GCC_RISCV/test:1c00ba20 00000008 T semihost_exit	/home/mlonmcu/gap_sdk/rtos/pmsis/pmsis_bsp/fs/host_fs/semihost.c:47
/home/mlonmcu/Short-exercise-3/Gapuino_software/BUILD/GAP8_V2/GCC_RISCV/test:1c00b992 00000008 T semihost_write0	/home/mlonmcu/gap_sdk/rtos/pmsis/pmsis_bsp/fs/host_fs/semihost.c:6
/home/mlonmcu/Short-exercise-3/Gapuino_software/BUILD/GAP8_V2/GCC_RISCV/test:1c00e5ac 0000000a T abort	/home/mlonmcu/gap_sdk/rtos/pulp/pulp-os/libs/io/io.c:739
/home/mlonmcu/Short-exercise-3/Gapuino_software/BUILD/GAP8_V2/GCC_RISCV/test:1c00ba28 0000000a T bsp_hyperflash_conf_init	/home/mlonmcu/gap_sdk/rtos/pmsis/pmsis_bsp/bsp/gapuino.c:65
/home/mlonmcu/Short-exercise-3/Gapuino_software/BUILD/GAP8_V2/GCC_RISCV/test:1c0099ba 0000000a T pi_fs_copy_async	/home/mlonmcu/gap_sdk/rtos/pmsis/pmsis_bsp/fs/fs.c:124
/home/mlonmcu/Short-exercise-3/Gapuino_software/BUILD/GAP8_V2/GCC_RISCV/test:1c00ac32 0000000a T pi_partition_get_flash_offset	/home/mlonmcu/gap_sdk/rtos/pmsis/pmsis_bsp/partition/partition.c:38
/home/mlonmcu/Short-exercise-3/Gapuino_software/BUILD/GAP8_V2/GCC_RISCV/test:1c00dd32 0000000a T rt_extern_alloc_deinit	/home/mlonmcu/gap_sdk/rtos/pulp/pulp-os/kernel/alloc_extern.c:129
/home/mlonmcu/Short-exercise-3/Gapuino_software/BUILD/GAP8_V2/GCC_RISCV/test:1c00dea0 0000000a T __rt_himax_init	/home/mlonmcu/gap_sdk/rtos/pulp/pulp-os/drivers_deprecated/camera/himax.c:400
/home/mlonmcu/Short-exercise-3/Gapuino_software/BUILD/GAP8_V2/GCC_RISCV/test:1c00c504 0000000c T pi_cl_l1_free	/home/mlonmcu/gap_sdk/rtos/pulp/pulp-os/kernel/alloc.c:587
/home/mlonmcu/Short-exercise-3/Gapuino_software/BUILD/GAP8_V2/GCC_RISCV/test:1c0098c0 0000000c T pi_flash_open	/home/mlonmcu/gap_sdk/rtos/pmsis/pmsis_bsp/flash/flash.c:24
/home/mlonmcu/Short-exercise-3/Gapuino_software/BUILD/GAP8_V2/GCC_RISCV/test:1c00a054 0000000c t __pi_host_fs_mount	/home/mlonmcu/gap_sdk/rtos/pmsis/pmsis_bsp/fs/host_fs/host_fs.c:34
/home/mlonmcu/Short-exercise-3/Gapuino_software/BUILD/GAP8_V2/GCC_RISCV/test:00000004 0000000c D __rt_cluster_pool
/home/mlonmcu/Short-exercise-3/Gapuino_software/BUILD/GAP8_V2/GCC_RISCV/test:1c00dcce 0000000c T __rt_padframe_init	/home/mlonmcu/gap_sdk/rtos/pulp/pulp-os/drivers_deprecated/pads/pads-v1.c:58
/home/mlonmcu/Short-exercise-3/Gapuino_software/BUILD/GAP8_V2/GCC_RISCV/test:1c00a240 0000000e t hyperflash_ioctl	/home/mlonmcu/gap_sdk/rtos/pmsis/pmsis_bsp/flash/hyperflash/hyperflash.c:180
/home/mlonmcu/Short-exercise-3/Gapuino_software/BUILD/GAP8_V2/GCC_RISCV/test:1c00a332 0000000e t hyperflash_set_reg_exec	/home/mlonmcu/gap_sdk/rtos/pmsis/pmsis_bsp/flash/hyperflash/hyperflash.c:91
/home/mlonmcu/Short-exercise-3/Gapuino_software/BUILD/GAP8_V2/GCC_RISCV/test:1c00b984 0000000e t __internal_semihost	/home/mlonmcu/gap_sdk/rtos/pmsis/pmsis_bsp/fs/host_fs/semihost.h:75
/home/mlonmcu/Short-exercise-3/Gapuino_software/BUILD/GAP8_V2/GCC_RISCV/test:1c00c510 0000000e T pi_l2_malloc	/home/mlonmcu/gap_sdk/rtos/pulp/pulp-os/kernel/alloc.c:595
/home/mlonmcu/Short-exercise-3/Gapuino_software/BUILD/GAP8_V2/GCC_RISCV/test:1c00dee0 0000000e t __rt_io_end_of_flush	/home/mlonmcu/gap_sdk/rtos/pulp/pulp-os/libs/io/io.c:366
/home/mlonmcu/Short-exercise-3/Gapuino_software/BUILD/GAP8_V2/GCC_RISCV/test:1c00e2ec 00000010 T memset	/home/mlonmcu/gap_sdk/rtos/pulp/pulp-os/libs/io/io.c:150
/home/mlonmcu/Short-exercise-3/Gapuino_software/BUILD/GAP8_V2/GCC_RISCV/test:1c00d544 00000010 T pi_hyper_conf_init	/home/mlonmcu/gap_sdk/rtos/pulp/pulp-os/drivers/hyper/hyperram-v1.c:200
/home/mlonmcu/Short-exercise-3/Gapuino_software/BUILD/GAP8_V2/GCC_RISCV/test:1c00c51e 00000010 T pi_l2_free	/home/mlonmcu/gap_sdk/rtos/pulp/pulp-os/kernel/alloc.c:600
/home/mlonmcu/Short-exercise-3/Gapuino_software/BUILD/GAP8_V2/GCC_RISCV/test:1c009a0a 00000010 t __pi_read_fs_seek	/home/mlonmcu/gap_sdk/rtos/pmsis/pmsis_bsp/fs/read_fs/read_fs.c:517
/home/mlonmcu/Short-exercise-3/Gapuino_software/BUILD/GAP8_V2/GCC_RISCV/test:1c01c27c 00000010 D PMUState
/home/mlonmcu/Short-exercise-3/Gapuino_software/BUILD/GAP8_V2/GCC_RISCV/test:1b000bbc 00000010 d __rt_io_fc_lock	/home/mlonmcu/gap_sdk/rtos/pulp/pulp-os/libs/io/io.c:35
/home/mlonmcu/Short-exercise-3/Gapuino_software/BUILD/GAP8_V2/GCC_RISCV/test:1c0104bc 00000010 V __rt_padframe_default	/home/mlonmcu/gap_sdk/rtos/pulp/pulp-os/drivers_deprecated/pads/pads-v1.c:28
/home/mlonmcu/Short-exercise-3/Gapuino_software/BUILD/GAP8_V2/GCC_RISCV/test:1c0104cc 00000010 V __rt_padframe_hyper	/home/mlonmcu/gap_sdk/rtos/pulp/pulp-os/drivers_deprecated/pads/pads-v1.c:30
/home/mlonmcu/Short-exercise-3/Gapuino_software/BUILD/GAP8_V2/GCC_RISCV/test:1c0104dc 00000010 V __rt_padframe_hyper_gpio	/home/mlonmcu/gap_sdk/rtos/pulp/pulp-os/drivers_deprecated/pads/pads-v1.c:32
/home/mlonmcu/Short-exercise-3/Gapuino_software/BUILD/GAP8_V2/GCC_RISCV/test:1c01c5fc 00000010 b __rt_uart	/home/mlonmcu/gap_sdk/rtos/pulp/pulp-os/drivers_deprecated/uart/uart.c:43
/home/mlonmcu/Short-exercise-3/Gapuino_software/BUILD/GAP8_V2/GCC_RISCV/test:1c00f376 00000010 T rt_uart_conf_init
/home/mlonmcu/Short-exercise-3/Gapuino_software/BUILD/GAP8_V2/GCC_RISCV/test:1c009900 00000012 T pi_fs_conf_init	/home/mlonmcu/gap_sdk/rtos/pmsis/pmsis_bsp/fs/fs.c:26
/home/mlonmcu/Short-exercise-3/Gapuino_software/BUILD/GAP8_V2/GCC_RISCV/test:1c00dc94 00000012 t __pos_i2s_init	/home/mlonmcu/gap_sdk/rtos/pulp/pulp-os/drivers/i2s/i2s-v1.c:476
/home/mlonmcu/Short-exercise-3/Gapuino_software/BUILD/GAP8_V2/GCC_RISCV/test:1c00ce1a 00000012 T __rt_fll_init	/home/mlonmcu/gap_sdk/rtos/pulp/pulp-os/kernel/gap/pmu_driver.c:871
/home/mlonmcu/Short-exercise-3/Gapuino_software/BUILD/GAP8_V2/GCC_RISCV/test:1c00deaa 00000012 T __rt_i2c_init	/home/mlonmcu/gap_sdk/rtos/pulp/pulp-os/drivers_deprecated/i2c/i2c-v2.c:236
/home/mlonmcu/Short-exercise-3/Gapuino_software/BUILD/GAP8_V2/GCC_RISCV/test:1c00debc 00000012 T __rt_rtc_init	/home/mlonmcu/gap_sdk/rtos/pulp/pulp-os/drivers_deprecated/dolphin/rtc.c:414
/home/mlonmcu/Short-exercise-3/Gapuino_software/BUILD/GAP8_V2/GCC_RISCV/test:1c00dece 00000012 T __rt_spim_init	/home/mlonmcu/gap_sdk/rtos/pulp/pulp-os/drivers_deprecated/spim/spim-v2.c:446
/home/mlonmcu/Short-exercise-3/Gapuino_software/BUILD/GAP8_V2/GCC_RISCV/test:1c00d482 00000014 t l2_memcpy	/home/mlonmcu/gap_sdk/rtos/pulp/pulp-os/drivers/hyper/hyperram-v1.c:897
/home/mlonmcu/Short-exercise-3/Gapuino_software/BUILD/GAP8_V2/GCC_RISCV/test:1c00c316 00000014 T __rt_event_sched_init	/home/mlonmcu/gap_sdk/rtos/pulp/pulp-os/kernel/events.c:264
/home/mlonmcu/Short-exercise-3/Gapuino_software/BUILD/GAP8_V2/GCC_RISCV/test:0000001c 00000014 D __rt_sched
/home/mlonmcu/Short-exercise-3/Gapuino_software/BUILD/GAP8_V2/GCC_RISCV/test:1c0105dc 00000014 D sched	/home/mlonmcu/Short-exercise-3/Gapuino_software/main.c:58
/home/mlonmcu/Short-exercise-3/Gapuino_software/BUILD/GAP8_V2/GCC_RISCV/test:1c00e2a2 00000014 T strcmp	/home/mlonmcu/gap_sdk/rtos/pulp/pulp-os/libs/io/io.c:97
/home/mlonmcu/Short-exercise-3/Gapuino_software/BUILD/GAP8_V2/GCC_RISCV/test:1c00d84a 00000016 T pi_hyper_read_async	/home/mlonmcu/gap_sdk/rtos/pulp/pulp-os/drivers/hyper/hyperram-v1.c:380
/home/mlonmcu/Short-exercise-3/Gapuino_software/BUILD/GAP8_V2/GCC_RISCV/test:1c00ba0a 00000016 T semihost_seek	/home/mlonmcu/gap_sdk/rtos/pmsis/pmsis_bsp/fs/host_fs/semihost.c:36
/home/mlonmcu/Short-exercise-3/Gapuino_software/BUILD/GAP8_V2/GCC_RISCV/test:1c00e2d6 00000016 T strlen	/home/mlonmcu/gap_sdk/rtos/pulp/pulp-os/libs/io/io.c:124
/home/mlonmcu/Short-exercise-3/Gapuino_software/BUILD/GAP8_V2/GCC_RISCV/test:1b000ba0 00000018 d cbsys_first	/home/mlonmcu/gap_sdk/rtos/pulp/pulp-os/kernel/utils.c:30
/home/mlonmcu/Short-exercise-3/Gapuino_software/BUILD/GAP8_V2/GCC_RISCV/test:1c00dc42 00000018 T pi_hyper_read_2d_async	/home/mlonmcu/gap_sdk/rtos/pulp/pulp-os/drivers/hyper/hyperram-v1.c:420
/home/mlonmcu/Short-exercise-3/Gapuino_software/BUILD/GAP8_V2/GCC_RISCV/test:1c00d882 00000018 T pi_hyper_write_async	/home/mlonmcu/gap_sdk/rtos/pulp/pulp-os/drivers/hyper/hyperram-v1.c:400
/home/mlonmcu/Short-exercise-3/Gapuino_software/BUILD/GAP8_V2/GCC_RISCV/test:1c009a74 00000018 t __pi_read_fs_copy_2d_async	/home/mlonmcu/gap_sdk/rtos/pmsis/pmsis_bsp/fs/read_fs/read_fs.c:657
/home/mlonmcu/Short-exercise-3/Gapuino_software/BUILD/GAP8_V2/GCC_RISCV/test:1c009a5c 00000018 t __pi_read_fs_copy_async	/home/mlonmcu/gap_sdk/rtos/pmsis/pmsis_bsp/fs/read_fs/read_fs.c:648
/home/mlonmcu/Short-exercise-3/Gapuino_software/BUILD/GAP8_V2/GCC_RISCV/test:1c0104ec 00000018 V __rt_padframe_profiles
/home/mlonmcu/Short-exercise-3/Gapuino_software/BUILD/GAP8_V2/GCC_RISCV/test:1c00c52e 00000018 t __rt_time_poweroff	/home/mlonmcu/gap_sdk/rtos/pulp/pulp-os/kernel/time.c:28
/home/mlonmcu/Short-exercise-3/Gapuino_software/BUILD/GAP8_V2/GCC_RISCV/test:1c00c546 00000018 t __rt_time_poweron	/home/mlonmcu/gap_sdk/rtos/pulp/pulp-os/kernel/time.c:37
/home/mlonmcu/Short-exercise-3/Gapuino_software/BUILD/GAP8_V2/GCC_RISCV/test:1c00c17e 00000018 T __rt_wait_event_prepare_blocking	/home/mlonmcu/gap_sdk/rtos/pulp/pulp-os/kernel/events.c:42
/home/mlonmcu/Short-exercise-3/Gapuino_software/BUILD/GAP8_V2/GCC_RISCV/test:1c00e4be 0000001a T fputc_locked
/home/mlonmcu/Short-exercise-3/Gapuino_software/BUILD/GAP8_V2/GCC_RISCV/test:1c00a318 0000001a t hyperflash_copy_2d_async
/home/mlonmcu/Short-exercise-3/Gapuino_software/BUILD/GAP8_V2/GCC_RISCV/test:1c00c20c 0000001a T rt_event_get	/home/mlonmcu/gap_sdk/rtos/pulp/pulp-os/kernel/events.c:105
/home/mlonmcu/Short-exercise-3/Gapuino_software/BUILD/GAP8_V2/GCC_RISCV/test:1c00c2fc 0000001a T rt_event_wait	/home/mlonmcu/gap_sdk/rtos/pulp/pulp-os/kernel/events.c:257
/home/mlonmcu/Short-exercise-3/Gapuino_software/BUILD/GAP8_V2/GCC_RISCV/test:1c00e332 0000001a T strchr	/home/mlonmcu/gap_sdk/rtos/pulp/pulp-os/libs/io/io.c:278
/home/mlonmcu/Short-exercise-3/Gapuino_software/BUILD/GAP8_V2/GCC_RISCV/test:1c01c340 0000001c b HyperFlash	/home/mlonmcu/Short-exercise-3/Gapuino_software/HeySnips/quant_modelKernels.c:4
/home/mlonmcu/Short-exercise-3/Gapuino_software/BUILD/GAP8_V2/GCC_RISCV/test:1c00a7f4 0000001c t hyperflash_copy_async	/home/mlonmcu/gap_sdk/rtos/pmsis/pmsis_bsp/flash/hyperflash/hyperflash.c:657
/home/mlonmcu/Short-exercise-3/Gapuino_software/BUILD/GAP8_V2/GCC_RISCV/test:1c00a1ac 0000001c t __pi_host_fs_close	/home/mlonmcu/gap_sdk/rtos/pmsis/pmsis_bsp/fs/host_fs/host_fs.c:67
/home/mlonmcu/Short-exercise-3/Gapuino_software/BUILD/GAP8_V2/GCC_RISCV/test:1c00a224 0000001c t __rt_event_enqueue	/home/mlonmcu/gap_sdk/install/GAP8_V2/include/rt/rt_event.h:397
/home/mlonmcu/Short-exercise-3/Gapuino_software/BUILD/GAP8_V2/GCC_RISCV/test:1c00bec0 0000001c t __rt_event_enqueue	/home/mlonmcu/gap_sdk/install/GAP8_V2/include/rt/rt_event.h:397
/home/mlonmcu/Short-exercise-3/Gapuino_software/BUILD/GAP8_V2/GCC_RISCV/test:1c00a810 0000001e t hyperflash_close	/home/mlonmcu/gap_sdk/rtos/pmsis/pmsis_bsp/flash/hyperflash/hyperflash.c:171
/home/mlonmcu/Short-exercise-3/Gapuino_software/BUILD/GAP8_V2/GCC_RISCV/test:1c00c006 0000001e T __rt_bridge_set_available	/home/mlonmcu/gap_sdk/rtos/pulp/pulp-os/kernel/bridge.c:725
/home/mlonmcu/Short-exercise-3/Gapuino_software/BUILD/GAP8_V2/GCC_RISCV/test:1c00b9ce 0000001e T semihost_read	/home/mlonmcu/gap_sdk/rtos/pmsis/pmsis_bsp/fs/host_fs/semihost.c:24
/home/mlonmcu/Short-exercise-3/Gapuino_software/BUILD/GAP8_V2/GCC_RISCV/test:1c00b9ec 0000001e T semihost_write	/home/mlonmcu/gap_sdk/rtos/pmsis/pmsis_bsp/fs/host_fs/semihost.c:30
/home/mlonmcu/Short-exercise-3/Gapuino_software/BUILD/GAP8_V2/GCC_RISCV/test:1c0105f8 00000020 D dense_kernel	/home/mlonmcu/Short-exercise-3/Gapuino_software/main.c:74
/home/mlonmcu/Short-exercise-3/Gapuino_software/BUILD/GAP8_V2/GCC_RISCV/test:1c00e6e6 00000020 t _rlrshift	/home/mlonmcu/gap_sdk/rtos/pulp/pulp-os/libs/io/prf.c:122
/home/mlonmcu/Short-exercise-3/Gapuino_software/BUILD/GAP8_V2/GCC_RISCV/test:1c00bedc 00000020 t __rt_bridge_check_bridge_req.part.5	/home/mlonmcu/gap_sdk/rtos/pulp/pulp-os/kernel/bridge.c:638
/home/mlonmcu/Short-exercise-3/Gapuino_software/BUILD/GAP8_V2/GCC_RISCV/test:1c00dfda 00000020 t rt_event_execute.isra.4.constprop.12	/home/mlonmcu/gap_sdk/rtos/pulp/pulp-os/libs/io/io.c:795
/home/mlonmcu/Short-exercise-3/Gapuino_software/BUILD/GAP8_V2/GCC_RISCV/test:1c01c2a0 00000020 d __rt_i2c	/home/mlonmcu/gap_sdk/rtos/pulp/pulp-os/drivers_deprecated/i2c/i2c-v2.c:28
/home/mlonmcu/Short-exercise-3/Gapuino_software/BUILD/GAP8_V2/GCC_RISCV/test:1c00c32c 00000020 T rt_user_alloc_init	/home/mlonmcu/gap_sdk/rtos/pulp/pulp-os/kernel/alloc.c:193
/home/mlonmcu/Short-exercise-3/Gapuino_software/BUILD/GAP8_V2/GCC_RISCV/test:1c00e2b6 00000020 T strncmp	/home/mlonmcu/gap_sdk/rtos/pulp/pulp-os/libs/io/io.c:108
/home/mlonmcu/Short-exercise-3/Gapuino_software/BUILD/GAP8_V2/GCC_RISCV/test:1c00d860 00000022 T pi_hyper_read	/home/mlonmcu/gap_sdk/rtos/pulp/pulp-os/drivers/hyper/hyperram-v1.c:390
/home/mlonmcu/Short-exercise-3/Gapuino_software/BUILD/GAP8_V2/GCC_RISCV/test:1c00d89a 00000022 T pi_hyper_write	/home/mlonmcu/gap_sdk/rtos/pulp/pulp-os/drivers/hyper/hyperram-v1.c:411
/home/mlonmcu/Short-exercise-3/Gapuino_software/BUILD/GAP8_V2/GCC_RISCV/test:1c00c046 00000022 T __rt_bridge_clear_notif	/home/mlonmcu/gap_sdk/rtos/pulp/pulp-os/kernel/bridge.c:838
/home/mlonmcu/Short-exercise-3/Gapuino_software/BUILD/GAP8_V2/GCC_RISCV/test:1c00c024 00000022 T __rt_bridge_send_notif	/home/mlonmcu/gap_sdk/rtos/pulp/pulp-os/kernel/bridge.c:821
/home/mlonmcu/Short-exercise-3/Gapuino_software/BUILD/GAP8_V2/GCC_RISCV/test:1c00c226 00000022 T rt_event_get_blocking	/home/mlonmcu/gap_sdk/rtos/pulp/pulp-os/kernel/events.c:127
/home/mlonmcu/Short-exercise-3/Gapuino_software/BUILD/GAP8_V2/GCC_RISCV/test:1c00f27e 00000022 t __rt_uart_setfreq_after	/home/mlonmcu/gap_sdk/rtos/pulp/pulp-os/drivers_deprecated/uart/uart.c:135
/home/mlonmcu/Short-exercise-3/Gapuino_software/BUILD/GAP8_V2/GCC_RISCV/test:1c00bdca 00000022 T __rt_utils_init	/home/mlonmcu/gap_sdk/rtos/pulp/pulp-os/kernel/utils.c:84
/home/mlonmcu/Short-exercise-3/Gapuino_software/BUILD/GAP8_V2/GCC_RISCV/test:1c00ae18 00000024 T flash_partition_table_free	/home/mlonmcu/gap_sdk/rtos/pmsis/pmsis_bsp/partition/flash_partition.c:221
/home/mlonmcu/Short-exercise-3/Gapuino_software/BUILD/GAP8_V2/GCC_RISCV/test:1c00ab10 00000024 t hyperflash_erase	/home/mlonmcu/gap_sdk/rtos/pmsis/pmsis_bsp/flash/hyperflash/hyperflash.c:712
/home/mlonmcu/Short-exercise-3/Gapuino_software/BUILD/GAP8_V2/GCC_RISCV/test:1c00a940 00000024 t hyperflash_erase_chip	/home/mlonmcu/gap_sdk/rtos/pmsis/pmsis_bsp/flash/hyperflash/hyperflash.c:696
/home/mlonmcu/Short-exercise-3/Gapuino_software/BUILD/GAP8_V2/GCC_RISCV/test:1c00a91c 00000024 t hyperflash_erase_sector	/home/mlonmcu/gap_sdk/rtos/pmsis/pmsis_bsp/flash/hyperflash/hyperflash.c:704
/home/mlonmcu/Short-exercise-3/Gapuino_software/BUILD/GAP8_V2/GCC_RISCV/test:1c00a9d0 00000024 t hyperflash_program	/home/mlonmcu/gap_sdk/rtos/pmsis/pmsis_bsp/flash/hyperflash/hyperflash.c:688
/home/mlonmcu/Short-exercise-3/Gapuino_software/BUILD/GAP8_V2/GCC_RISCV/test:1c00a964 00000024 t hyperflash_read	/home/mlonmcu/gap_sdk/rtos/pmsis/pmsis_bsp/flash/hyperflash/hyperflash.c:679
/home/mlonmcu/Short-exercise-3/Gapuino_software/BUILD/GAP8_V2/GCC_RISCV/test:1c00a988 00000024 t hyperflash_reg_get	/home/mlonmcu/gap_sdk/rtos/pmsis/pmsis_bsp/flash/hyperflash/hyperflash.c:729
/home/mlonmcu/Short-exercise-3/Gapuino_software/BUILD/GAP8_V2/GCC_RISCV/test:1c00a9ac 00000024 t hyperflash_reg_set	/home/mlonmcu/gap_sdk/rtos/pmsis/pmsis_bsp/flash/hyperflash/hyperflash.c:721
/home/mlonmcu/Short-exercise-3/Gapuino_software/BUILD/GAP8_V2/GCC_RISCV/test:1c00c43e 00000024 T __rt_alloc_init_l1	/home/mlonmcu/gap_sdk/rtos/pulp/pulp-os/kernel/alloc.c:445
/home/mlonmcu/Short-exercise-3/Gapuino_software/BUILD/GAP8_V2/GCC_RISCV/test:1c009a8c 00000024 t rt_event_enqueue	/home/mlonmcu/gap_sdk/install/GAP8_V2/include/rt/rt_event.h:411
/home/mlonmcu/Short-exercise-3/Gapuino_software/BUILD/GAP8_V2/GCC_RISCV/test:1c00a062 00000024 t rt_event_enqueue	/home/mlonmcu/gap_sdk/install/GAP8_V2/include/rt/rt_event.h:411
/home/mlonmcu/Short-exercise-3/Gapuino_software/BUILD/GAP8_V2/GCC_RISCV/test:1c00d496 00000024 t rt_event_enqueue	/home/mlonmcu/gap_sdk/install/GAP8_V2/include/rt/rt_event.h:411
/home/mlonmcu/Short-exercise-3/Gapuino_software/BUILD/GAP8_V2/GCC_RISCV/test:1c00c248 00000024 T rt_event_push	/home/mlonmcu/gap_sdk/rtos/pulp/pulp-os/kernel/events.c:139
/home/mlonmcu/Short-exercise-3/Gapuino_software/BUILD/GAP8_V2/GCC_RISCV/test:1c00c5d8 00000024 T rt_time_wait_us	/home/mlonmcu/gap_sdk/rtos/pulp/pulp-os/kernel/time.c:118
/home/mlonmcu/Short-exercise-3/Gapuino_software/BUILD/GAP8_V2/GCC_RISCV/test:1c00f25a 00000024 t __rt_uart_setup.isra.5	/home/mlonmcu/gap_sdk/rtos/pulp/pulp-os/drivers_deprecated/uart/uart.c:222
/home/mlonmcu/Short-exercise-3/Gapuino_software/BUILD/GAP8_V2/GCC_RISCV/test:1c00ba36 00000026 t cluster_start	/home/mlonmcu/gap_sdk/rtos/pulp/pulp-os/kernel/init.c:198
/home/mlonmcu/Short-exercise-3/Gapuino_software/BUILD/GAP8_V2/GCC_RISCV/test:1c00a13a 00000026 t __pi_host_fs_read_async	/home/mlonmcu/gap_sdk/rtos/pmsis/pmsis_bsp/fs/host_fs/host_fs.c:74
/home/mlonmcu/Short-exercise-3/Gapuino_software/BUILD/GAP8_V2/GCC_RISCV/test:1c00f234 00000026 T __rt_uart_cluster_req_done	/home/mlonmcu/gap_sdk/rtos/pulp/pulp-os/drivers_deprecated/uart/uart.c:253
/home/mlonmcu/Short-exercise-3/Gapuino_software/BUILD/GAP8_V2/GCC_RISCV/test:1c00ca16 00000026 t soc_eu_fcEventMask_setEvent	/home/mlonmcu/gap_sdk/install/GAP8_V2/include/hal/soc_eu/soc_eu_v1.h:60
/home/mlonmcu/Short-exercise-3/Gapuino_software/BUILD/GAP8_V2/GCC_RISCV/test:1c00f350 00000026 t soc_eu_fcEventMask_setEvent	/home/mlonmcu/gap_sdk/install/GAP8_V2/include/hal/soc_eu/soc_eu_v1.h:60
/home/mlonmcu/Short-exercise-3/Gapuino_software/BUILD/GAP8_V2/GCC_RISCV/test:1c010440 00000028 D __pi_host_fs_api
/home/mlonmcu/Short-exercise-3/Gapuino_software/BUILD/GAP8_V2/GCC_RISCV/test:1c00ac0a 00000028 T pi_hyperflash_conf_init	/home/mlonmcu/gap_sdk/rtos/pmsis/pmsis_bsp/flash/hyperflash/hyperflash.c:783
/home/mlonmcu/Short-exercise-3/Gapuino_software/BUILD/GAP8_V2/GCC_RISCV/test:1c010418 00000028 D __pi_read_fs_api
/home/mlonmcu/Short-exercise-3/Gapuino_software/BUILD/GAP8_V2/GCC_RISCV/test:1c00e50e 00000028 T _prf_locked	/home/mlonmcu/gap_sdk/rtos/pulp/pulp-os/libs/io/io.c:626
/home/mlonmcu/Short-exercise-3/Gapuino_software/BUILD/GAP8_V2/GCC_RISCV/test:1c00bbc4 00000028 T __rt_deinit	/home/mlonmcu/gap_sdk/rtos/pulp/pulp-os/kernel/init.c:163
/home/mlonmcu/Short-exercise-3/Gapuino_software/BUILD/GAP8_V2/GCC_RISCV/test:1c00c156 00000028 T __rt_event_init	/home/mlonmcu/gap_sdk/rtos/pulp/pulp-os/kernel/events.c:32
/home/mlonmcu/Short-exercise-3/Gapuino_software/BUILD/GAP8_V2/GCC_RISCV/test:1c01c754 00000028 B __rt_fc_cluster_data
/home/mlonmcu/Short-exercise-3/Gapuino_software/BUILD/GAP8_V2/GCC_RISCV/test:1c00e27a 00000028 t __rt_io_stop	/home/mlonmcu/gap_sdk/rtos/pulp/pulp-os/libs/io/io.c:769
/home/mlonmcu/Short-exercise-3/Gapuino_software/BUILD/GAP8_V2/GCC_RISCV/test:1c00dca6 00000028 T rt_padframe_set	/home/mlonmcu/gap_sdk/rtos/pulp/pulp-os/drivers_deprecated/pads/pads-v1.c:77
/home/mlonmcu/Short-exercise-3/Gapuino_software/BUILD/GAP8_V2/GCC_RISCV/test:000002b8 00000028 D __rt_udma_extra_callback
/home/mlonmcu/Short-exercise-3/Gapuino_software/BUILD/GAP8_V2/GCC_RISCV/test:000002e0 00000028 D __rt_udma_extra_callback_arg
/home/mlonmcu/Short-exercise-3/Gapuino_software/BUILD/GAP8_V2/GCC_RISCV/test:1c00995e 0000002a T pi_fs_read	/home/mlonmcu/gap_sdk/rtos/pmsis/pmsis_bsp/fs/fs.c:90
/home/mlonmcu/Short-exercise-3/Gapuino_software/BUILD/GAP8_V2/GCC_RISCV/test:1c009990 0000002a T pi_fs_write	/home/mlonmcu/gap_sdk/rtos/pmsis/pmsis_bsp/fs/fs.c:103
/home/mlonmcu/Short-exercise-3/Gapuino_software/BUILD/GAP8_V2/GCC_RISCV/test:1c00a110 0000002a t __pi_host_fs_write_async	/home/mlonmcu/gap_sdk/rtos/pmsis/pmsis_bsp/fs/host_fs/host_fs.c:100
/home/mlonmcu/Short-exercise-3/Gapuino_software/BUILD/GAP8_V2/GCC_RISCV/test:1c00c462 0000002a T __rt_alloc_init_l1_for_fc	/home/mlonmcu/gap_sdk/rtos/pulp/pulp-os/kernel/alloc.c:452
/home/mlonmcu/Short-exercise-3/Gapuino_software/BUILD/GAP8_V2/GCC_RISCV/test:1c00ddf6 0000002a t __rt_i2s_setfreq_after	/home/mlonmcu/gap_sdk/rtos/pulp/pulp-os/drivers_deprecated/i2s/i2s-v1.c:235
/home/mlonmcu/Short-exercise-3/Gapuino_software/BUILD/GAP8_V2/GCC_RISCV/test:1c00a8f0 0000002c t hyperflash_copy_2d	/home/mlonmcu/gap_sdk/rtos/pmsis/pmsis_bsp/flash/hyperflash/hyperflash.c:747
/home/mlonmcu/Short-exercise-3/Gapuino_software/BUILD/GAP8_V2/GCC_RISCV/test:1c009912 0000002c T pi_fs_mount	/home/mlonmcu/gap_sdk/rtos/pmsis/pmsis_bsp/fs/fs.c:40
/home/mlonmcu/Short-exercise-3/Gapuino_software/BUILD/GAP8_V2/GCC_RISCV/test:1c00d518 0000002c T __pi_hyper_pin_reset_settings	/home/mlonmcu/gap_sdk/rtos/pulp/pulp-os/drivers/hyper/hyperram-v1.c:189
/home/mlonmcu/Short-exercise-3/Gapuino_software/BUILD/GAP8_V2/GCC_RISCV/test:1c00d4ec 0000002c T __pi_hyper_pin_settings	/home/mlonmcu/gap_sdk/rtos/pulp/pulp-os/drivers/hyper/hyperram-v1.c:181
/home/mlonmcu/Short-exercise-3/Gapuino_software/BUILD/GAP8_V2/GCC_RISCV/test:1c00e628 0000002c T printf	/home/mlonmcu/gap_sdk/rtos/pulp/pulp-os/libs/io/fprintf.c:41
/home/mlonmcu/Short-exercise-3/Gapuino_software/BUILD/GAP8_V2/GCC_RISCV/test:1c00e492 0000002c T puts	/home/mlonmcu/gap_sdk/rtos/pulp/pulp-os/libs/io/io.c:576
/home/mlonmcu/Short-exercise-3/Gapuino_software/BUILD/GAP8_V2/GCC_RISCV/test:1c00de20 0000002c t __rt_i2s_setfreq_before	/home/mlonmcu/gap_sdk/rtos/pulp/pulp-os/drivers_deprecated/i2s/i2s-v1.c:219
/home/mlonmcu/Short-exercise-3/Gapuino_software/BUILD/GAP8_V2/GCC_RISCV/test:1c01c3e4 0000002c b __rt_pulpos_emu_global_cluster_task	/home/mlonmcu/gap_sdk/rtos/pulp/pulp-os/kernel/pulpos_emu.c:26
/home/mlonmcu/Short-exercise-3/Gapuino_software/BUILD/GAP8_V2/GCC_RISCV/test:1c00f2e2 0000002c t __rt_uart_setfreq_before	/home/mlonmcu/gap_sdk/rtos/pulp/pulp-os/drivers_deprecated/uart/uart.c:102
/home/mlonmcu/Short-exercise-3/Gapuino_software/BUILD/GAP8_V2/GCC_RISCV/test:1c00c2d0 0000002c T __rt_wait_event	/home/mlonmcu/gap_sdk/rtos/pulp/pulp-os/kernel/events.c:247
/home/mlonmcu/Short-exercise-3/Gapuino_software/BUILD/GAP8_V2/GCC_RISCV/test:1c00b99a 0000002c T semihost_open	/home/mlonmcu/gap_sdk/rtos/pmsis/pmsis_bsp/fs/host_fs/semihost.c:11
/home/mlonmcu/Short-exercise-3/Gapuino_software/BUILD/GAP8_V2/GCC_RISCV/test:1c00c9ea 0000002c t SetFllMultDivFactors
/home/mlonmcu/Short-exercise-3/Gapuino_software/BUILD/GAP8_V2/GCC_RISCV/test:1c00a9f4 0000002e t hyperflash_copy	/home/mlonmcu/gap_sdk/rtos/pmsis/pmsis_bsp/flash/hyperflash/hyperflash.c:737
/home/mlonmcu/Short-exercise-3/Gapuino_software/BUILD/GAP8_V2/GCC_RISCV/test:1c00c410 0000002e T rt_free
/home/mlonmcu/Short-exercise-3/Gapuino_software/BUILD/GAP8_V2/GCC_RISCV/test:1c00dc66 0000002e t __rt_hyper_init	/home/mlonmcu/gap_sdk/rtos/pulp/pulp-os/drivers/hyper/hyperram-v1.c:995
/home/mlonmcu/Short-exercise-3/Gapuino_software/BUILD/GAP8_V2/GCC_RISCV/test:1c00e4d8 00000030 T fputc	/home/mlonmcu/gap_sdk/rtos/pulp/pulp-os/libs/io/io.c:603
/home/mlonmcu/Short-exercise-3/Gapuino_software/BUILD/GAP8_V2/GCC_RISCV/test:1c00ab34 00000030 t hyperflash_get_status_reg	/home/mlonmcu/gap_sdk/rtos/pmsis/pmsis_bsp/flash/hyperflash/hyperflash.c:115
/home/mlonmcu/Short-exercise-3/Gapuino_software/BUILD/GAP8_V2/GCC_RISCV/test:1c00c3e0 00000030 T rt_alloc
/home/mlonmcu/Short-exercise-3/Gapuino_software/BUILD/GAP8_V2/GCC_RISCV/test:1c00bd9a 00000030 T __rt_cbsys_exec	/home/mlonmcu/gap_sdk/rtos/pulp/pulp-os/kernel/utils.c:71
/home/mlonmcu/Short-exercise-3/Gapuino_software/BUILD/GAP8_V2/GCC_RISCV/test:1c00b77e 00000032 T MD5_Init	/home/mlonmcu/gap_sdk/rtos/pmsis/pmsis_bsp/crc/md5.c:207
/home/mlonmcu/Short-exercise-3/Gapuino_software/BUILD/GAP8_V2/GCC_RISCV/test:1c00d104 00000032 T pi_cluster_close	/home/mlonmcu/gap_sdk/rtos/pulp/pulp-os/kernel/cluster.c:370
/home/mlonmcu/Short-exercise-3/Gapuino_software/BUILD/GAP8_V2/GCC_RISCV/test:1c0098ce 00000032 t pi_task_wait_on.isra.3	/home/mlonmcu/gap_sdk/rtos/pmsis/pmsis_bsp/fs/fs.c:122
/home/mlonmcu/Short-exercise-3/Gapuino_software/BUILD/GAP8_V2/GCC_RISCV/test:1c00a8be 00000032 t pi_task_wait_on.isra.3	/home/mlonmcu/gap_sdk/install/GAP8_V2/include/pmsis/implem/implem.h:70
/home/mlonmcu/Short-exercise-3/Gapuino_software/BUILD/GAP8_V2/GCC_RISCV/test:1c00d4ba 00000032 t pi_task_wait_on.isra.4	/home/mlonmcu/gap_sdk/rtos/pulp/pulp-os/drivers/hyper/hyperram-v1.c:1039
/home/mlonmcu/Short-exercise-3/Gapuino_software/BUILD/GAP8_V2/GCC_RISCV/test:1c00bdec 00000032 T __rt_fc_lock	/home/mlonmcu/gap_sdk/rtos/pulp/pulp-os/kernel/utils.c:92
/home/mlonmcu/Short-exercise-3/Gapuino_software/BUILD/GAP8_V2/GCC_RISCV/test:00000358 00000034 D dev_rtc	/home/mlonmcu/gap_sdk/rtos/pulp/pulp-os/drivers_deprecated/dolphin/rtc.c:24
/home/mlonmcu/Short-exercise-3/Gapuino_software/BUILD/GAP8_V2/GCC_RISCV/test:1c00e74a 00000034 t _get_digit	/home/mlonmcu/gap_sdk/rtos/pulp/pulp-os/libs/io/prf.c:167
/home/mlonmcu/Short-exercise-3/Gapuino_software/BUILD/GAP8_V2/GCC_RISCV/test:1c010104 00000034 r __hyper_pad	/home/mlonmcu/gap_sdk/rtos/pulp/pulp-os/drivers/hyper/hyperram-v1.c:164
/home/mlonmcu/Short-exercise-3/Gapuino_software/BUILD/GAP8_V2/GCC_RISCV/test:1c00d44e 00000034 T pi_pad_set_function	/home/mlonmcu/gap_sdk/rtos/pulp/pulp-os/drivers/pads/pads-v1.c:24
/home/mlonmcu/Short-exercise-3/Gapuino_software/BUILD/GAP8_V2/GCC_RISCV/test:1c00c122 00000034 T __rt_bridge_init	/home/mlonmcu/gap_sdk/rtos/pulp/pulp-os/kernel/bridge.c:851
/home/mlonmcu/Short-exercise-3/Gapuino_software/BUILD/GAP8_V2/GCC_RISCV/test:1c00be1e 00000034 T __rt_fc_unlock	/home/mlonmcu/gap_sdk/rtos/pulp/pulp-os/kernel/utils.c:127
/home/mlonmcu/Short-exercise-3/Gapuino_software/BUILD/GAP8_V2/GCC_RISCV/test:1c00ddc2 00000034 t __rt_i2s_resume	/home/mlonmcu/gap_sdk/rtos/pulp/pulp-os/drivers_deprecated/i2s/i2s-v1.c:186
/home/mlonmcu/Short-exercise-3/Gapuino_software/BUILD/GAP8_V2/GCC_RISCV/test:1c00e06a 00000034 t __rt_putc_host_cluster_req	/home/mlonmcu/gap_sdk/rtos/pulp/pulp-os/libs/io/io.c:451
/home/mlonmcu/Short-exercise-3/Gapuino_software/BUILD/GAP8_V2/GCC_RISCV/test:1c00f462 00000034 T rt_uart_cluster_write	/home/mlonmcu/gap_sdk/rtos/pulp/pulp-os/drivers_deprecated/uart/uart.c:277
/home/mlonmcu/Short-exercise-3/Gapuino_software/BUILD/GAP8_V2/GCC_RISCV/test:1c00e2fc 00000036 T memcpy	/home/mlonmcu/gap_sdk/rtos/pulp/pulp-os/libs/io/io.c:159
/home/mlonmcu/Short-exercise-3/Gapuino_software/BUILD/GAP8_V2/GCC_RISCV/test:1c00be8a 00000036 T __rt_fc_cluster_unlock	/home/mlonmcu/gap_sdk/rtos/pulp/pulp-os/kernel/utils.c:199
/home/mlonmcu/Short-exercise-3/Gapuino_software/BUILD/GAP8_V2/GCC_RISCV/test:1c009ab0 00000038 t __pi_fs_free	/home/mlonmcu/gap_sdk/rtos/pmsis/pmsis_bsp/fs/read_fs/read_fs.c:122
/home/mlonmcu/Short-exercise-3/Gapuino_software/BUILD/GAP8_V2/GCC_RISCV/test:1c00be52 00000038 T __rt_fc_cluster_lock	/home/mlonmcu/gap_sdk/rtos/pulp/pulp-os/kernel/utils.c:189
/home/mlonmcu/Short-exercise-3/Gapuino_software/BUILD/GAP8_V2/GCC_RISCV/test:1c00d1a6 0000003c T __rt_cluster_new	/home/mlonmcu/gap_sdk/rtos/pulp/pulp-os/kernel/cluster.c:445
/home/mlonmcu/Short-exercise-3/Gapuino_software/BUILD/GAP8_V2/GCC_RISCV/test:1c00d1e2 0000003c t __rt_cluster_pulpos_emu_init	/home/mlonmcu/gap_sdk/rtos/pulp/pulp-os/kernel/pulpos_emu.c:29
/home/mlonmcu/Short-exercise-3/Gapuino_software/BUILD/GAP8_V2/GCC_RISCV/test:1c00e3aa 0000003c T __rt_putc_uart	/home/mlonmcu/gap_sdk/rtos/pulp/pulp-os/libs/io/io.c:412
/home/mlonmcu/Short-exercise-3/Gapuino_software/BUILD/GAP8_V2/GCC_RISCV/test:1c0099cc 0000003e t __pi_read_fs_write	/home/mlonmcu/gap_sdk/rtos/pmsis/pmsis_bsp/fs/read_fs/read_fs.c:499
/home/mlonmcu/Short-exercise-3/Gapuino_software/BUILD/GAP8_V2/GCC_RISCV/test:1c00bd5c 0000003e T __rt_cbsys_add	/home/mlonmcu/gap_sdk/rtos/pulp/pulp-os/kernel/utils.c:57
/home/mlonmcu/Short-exercise-3/Gapuino_software/BUILD/GAP8_V2/GCC_RISCV/test:1c00c9ac 0000003e T __rt_freq_init	/home/mlonmcu/gap_sdk/rtos/pulp/pulp-os/kernel/gap/freq.c:62
/home/mlonmcu/Short-exercise-3/Gapuino_software/BUILD/GAP8_V2/GCC_RISCV/test:1c00a24e 00000040 t hyperflash_stall_task	/home/mlonmcu/gap_sdk/rtos/pmsis/pmsis_bsp/flash/hyperflash/hyperflash.c:374
/home/mlonmcu/Short-exercise-3/Gapuino_software/BUILD/GAP8_V2/GCC_RISCV/test:1c009a1a 00000042 t __pi_read_fs_direct_read_async	/home/mlonmcu/gap_sdk/rtos/pmsis/pmsis_bsp/fs/read_fs/read_fs.c:624
/home/mlonmcu/Short-exercise-3/Gapuino_software/BUILD/GAP8_V2/GCC_RISCV/test:1c00a012 00000042 t __pi_read_fs_read_async	/home/mlonmcu/gap_sdk/rtos/pmsis/pmsis_bsp/fs/read_fs/read_fs.c:586
/home/mlonmcu/Short-exercise-3/Gapuino_software/BUILD/GAP8_V2/GCC_RISCV/test:1c00c068 00000042 T __rt_bridge_printf_flush
/home/mlonmcu/Short-exercise-3/Gapuino_software/BUILD/GAP8_V2/GCC_RISCV/test:1c00df3e 00000042 t __rt_do_putc_host	/home/mlonmcu/gap_sdk/rtos/pulp/pulp-os/libs/io/io.c:430
/home/mlonmcu/Short-exercise-3/Gapuino_software/BUILD/GAP8_V2/GCC_RISCV/test:1c00f30e 00000042 t __rt_uart_cluster_req	/home/mlonmcu/gap_sdk/rtos/pulp/pulp-os/drivers_deprecated/uart/uart.c:266
/home/mlonmcu/Short-exercise-3/Gapuino_software/BUILD/GAP8_V2/GCC_RISCV/test:1c00f2a0 00000042 t __rt_uart_wait_tx_done.isra.6	/home/mlonmcu/gap_sdk/rtos/pulp/pulp-os/drivers_deprecated/uart/uart.c:222
/home/mlonmcu/Short-exercise-3/Gapuino_software/BUILD/GAP8_V2/GCC_RISCV/test:1c00aacc 00000044 t hyperflash_erase_async	/home/mlonmcu/gap_sdk/rtos/pmsis/pmsis_bsp/flash/hyperflash/hyperflash.c:640
/home/mlonmcu/Short-exercise-3/Gapuino_software/BUILD/GAP8_V2/GCC_RISCV/test:1c00cd1a 00000044 T InitFlls	/home/mlonmcu/gap_sdk/rtos/pulp/pulp-os/kernel/gap/pmu_driver.c:858
/home/mlonmcu/Short-exercise-3/Gapuino_software/BUILD/GAP8_V2/GCC_RISCV/test:1c00e706 00000044 t _ldiv5	/home/mlonmcu/gap_sdk/rtos/pulp/pulp-os/libs/io/prf.c:143
/home/mlonmcu/Short-exercise-3/Gapuino_software/BUILD/GAP8_V2/GCC_RISCV/test:1c00befc 00000046 t __rt_bridge_wait
/home/mlonmcu/Short-exercise-3/Gapuino_software/BUILD/GAP8_V2/GCC_RISCV/test:1c00a160 00000048 t __pi_host_fs_copy_async	/home/mlonmcu/gap_sdk/rtos/pmsis/pmsis_bsp/fs/host_fs/host_fs.c:115
/home/mlonmcu/Short-exercise-3/Gapuino_software/BUILD/GAP8_V2/GCC_RISCV/test:1c00c34c 00000048 T rt_user_alloc	/home/mlonmcu/gap_sdk/rtos/pulp/pulp-os/kernel/alloc.c:207
/home/mlonmcu/Short-exercise-3/Gapuino_software/BUILD/GAP8_V2/GCC_RISCV/test:1c00d404 0000004a T pi_cluster_send_task_to_cl	/home/mlonmcu/gap_sdk/rtos/pulp/pulp-os/kernel/cluster_call.c:149
/home/mlonmcu/Short-exercise-3/Gapuino_software/BUILD/GAP8_V2/GCC_RISCV/test:1c00d7aa 0000004a t __pi_hyper_copy_exec
/home/mlonmcu/Short-exercise-3/Gapuino_software/BUILD/GAP8_V2/GCC_RISCV/test:1c00c962 0000004a T rt_freq_set_and_get	/home/mlonmcu/gap_sdk/rtos/pulp/pulp-os/kernel/gap/freq.c:30
/home/mlonmcu/Short-exercise-3/Gapuino_software/BUILD/GAP8_V2/GCC_RISCV/test:1c00bfba 0000004c T __rt_bridge_check_connection
/home/mlonmcu/Short-exercise-3/Gapuino_software/BUILD/GAP8_V2/GCC_RISCV/test:1c00bbf0 0000004c T rt_irq_set_handler	/home/mlonmcu/gap_sdk/rtos/pulp/pulp-os/kernel/irq.c:61
/home/mlonmcu/Short-exercise-3/Gapuino_software/BUILD/GAP8_V2/GCC_RISCV/test:1c00c394 0000004c T rt_user_free	/home/mlonmcu/gap_sdk/rtos/pulp/pulp-os/kernel/alloc.c:291
/home/mlonmcu/Short-exercise-3/Gapuino_software/BUILD/GAP8_V2/GCC_RISCV/test:1c009d3e 0000004e t __pi_read_fs_close
/home/mlonmcu/Short-exercise-3/Gapuino_software/BUILD/GAP8_V2/GCC_RISCV/test:1c00f414 0000004e T rt_uart_close	/home/mlonmcu/gap_sdk/rtos/pulp/pulp-os/drivers_deprecated/uart/uart.c:228
/home/mlonmcu/Short-exercise-3/Gapuino_software/BUILD/GAP8_V2/GCC_RISCV/test:1c00bc3e 00000050 T __rt_handle_illegal_instr	/home/mlonmcu/gap_sdk/rtos/pulp/pulp-os/kernel/irq.c:94
/home/mlonmcu/Short-exercise-3/Gapuino_software/BUILD/GAP8_V2/GCC_RISCV/test:1c00deee 00000050 t __rt_io_uart_wait_req	/home/mlonmcu/gap_sdk/rtos/pulp/pulp-os/libs/io/io.c:315
/home/mlonmcu/Short-exercise-3/Gapuino_software/BUILD/GAP8_V2/GCC_RISCV/test:1c00d8bc 00000052 t exec_pending_task	/home/mlonmcu/gap_sdk/rtos/pulp/pulp-os/drivers/hyper/hyperram-v1.c:867
/home/mlonmcu/Short-exercise-3/Gapuino_software/BUILD/GAP8_V2/GCC_RISCV/test:1c00abb8 00000052 t hyperflash_check_program	/home/mlonmcu/gap_sdk/rtos/pmsis/pmsis_bsp/flash/hyperflash/hyperflash.c:522
/home/mlonmcu/Short-exercise-3/Gapuino_software/BUILD/GAP8_V2/GCC_RISCV/test:1c0084d4 00000052 t KerConv2x1from3x1StrideNx1_V_SQ8.isra.1	/home/mlonmcu/gap_sdk/tools/autotiler_v3/CNN_Libraries_SQ8/CNN_Conv_SQ8.c:3978
/home/mlonmcu/Short-exercise-3/Gapuino_software/BUILD/GAP8_V2/GCC_RISCV/test:1c00bc8e 00000052 T __rt_irq_init	/home/mlonmcu/gap_sdk/rtos/pulp/pulp-os/kernel/irq.c:103
/home/mlonmcu/Short-exercise-3/Gapuino_software/BUILD/GAP8_V2/GCC_RISCV/test:1c010468 00000054 d hyperflash_api	/home/mlonmcu/gap_sdk/rtos/pmsis/pmsis_bsp/flash/hyperflash/hyperflash.c:757
/home/mlonmcu/Short-exercise-3/Gapuino_software/BUILD/GAP8_V2/GCC_RISCV/test:1c00ab64 00000054 t hyperflash_check_erase	/home/mlonmcu/gap_sdk/rtos/pmsis/pmsis_bsp/flash/hyperflash/hyperflash.c:558
/home/mlonmcu/Short-exercise-3/Gapuino_software/BUILD/GAP8_V2/GCC_RISCV/test:1c01c490 00000054 b __pos_i2s	/home/mlonmcu/gap_sdk/rtos/pulp/pulp-os/drivers/i2s/i2s-v1.c:28
/home/mlonmcu/Short-exercise-3/Gapuino_software/BUILD/GAP8_V2/GCC_RISCV/test:1c00de4c 00000054 T __rt_i2s_init	/home/mlonmcu/gap_sdk/rtos/pulp/pulp-os/drivers_deprecated/i2s/i2s-v1.c:268
/home/mlonmcu/Short-exercise-3/Gapuino_software/BUILD/GAP8_V2/GCC_RISCV/test:1c00a68e 00000056 t hyperflash_reg_set_async	/home/mlonmcu/gap_sdk/rtos/pmsis/pmsis_bsp/flash/hyperflash/hyperflash.c:197
/home/mlonmcu/Short-exercise-3/Gapuino_software/BUILD/GAP8_V2/GCC_RISCV/test:1c00d7f4 00000056 t __pi_hyper_copy	/home/mlonmcu/gap_sdk/rtos/pulp/pulp-os/drivers/hyper/hyperram-v1.c:914
/home/mlonmcu/Short-exercise-3/Gapuino_software/BUILD/GAP8_V2/GCC_RISCV/test:1c00c8ae 00000056 T __rt_periph_wait_event	/home/mlonmcu/gap_sdk/rtos/pulp/pulp-os/kernel/periph-v2.c:237
/home/mlonmcu/Short-exercise-3/Gapuino_software/BUILD/GAP8_V2/GCC_RISCV/test:1c00d752 00000058 T __pi_hyper_copy_aligned	/home/mlonmcu/gap_sdk/rtos/pulp/pulp-os/drivers/hyper/hyperram-v1.c:480
/home/mlonmcu/Short-exercise-3/Gapuino_software/BUILD/GAP8_V2/GCC_RISCV/test:1c00dcda 00000058 T rt_extern_alloc_init	/home/mlonmcu/gap_sdk/rtos/pulp/pulp-os/kernel/alloc_extern.c:105
/home/mlonmcu/Short-exercise-3/Gapuino_software/BUILD/GAP8_V2/GCC_RISCV/test:1c00753e 0000005a T quant_modelCNN_Destruct	/home/mlonmcu/Short-exercise-3/Gapuino_software/HeySnips/quant_modelKernels.c:8050
/home/mlonmcu/Short-exercise-3/Gapuino_software/BUILD/GAP8_V2/GCC_RISCV/test:1c00df80 0000005a t __rt_io_start	/home/mlonmcu/gap_sdk/rtos/pulp/pulp-os/libs/io/io.c:746
/home/mlonmcu/Short-exercise-3/Gapuino_software/BUILD/GAP8_V2/GCC_RISCV/test:1c00a1c8 0000005c t __pi_host_fs_open	/home/mlonmcu/gap_sdk/rtos/pmsis/pmsis_bsp/fs/host_fs/host_fs.c:44
/home/mlonmcu/Short-exercise-3/Gapuino_software/BUILD/GAP8_V2/GCC_RISCV/test:1c00d2ae 0000005c T rt_cluster_mount	/home/mlonmcu/gap_sdk/rtos/pulp/pulp-os/kernel/pulpos_emu.c:68
/home/mlonmcu/Short-exercise-3/Gapuino_software/BUILD/GAP8_V2/GCC_RISCV/test:1c00f496 0000005c T __rt_uart_init	/home/mlonmcu/gap_sdk/rtos/pulp/pulp-os/drivers_deprecated/uart/uart.c:292
/home/mlonmcu/Short-exercise-3/Gapuino_software/BUILD/GAP8_V2/GCC_RISCV/test:1c00a796 0000005e t hyperflash_program_async	/home/mlonmcu/gap_sdk/rtos/pmsis/pmsis_bsp/flash/hyperflash/hyperflash.c:540
/home/mlonmcu/Short-exercise-3/Gapuino_software/BUILD/GAP8_V2/GCC_RISCV/test:1c00ac42 0000005e T pi_partition_find_first	/home/mlonmcu/gap_sdk/rtos/pmsis/pmsis_bsp/partition/partition.c:65
/home/mlonmcu/Short-exercise-3/Gapuino_software/BUILD/GAP8_V2/GCC_RISCV/test:1c00c904 0000005e T __rt_periph_init	/home/mlonmcu/gap_sdk/rtos/pulp/pulp-os/kernel/periph-v2.c:276
/home/mlonmcu/Short-exercise-3/Gapuino_software/BUILD/GAP8_V2/GCC_RISCV/test:1c00e34c 0000005e T __rt_putc_debug_bridge	/home/mlonmcu/gap_sdk/rtos/pulp/pulp-os/libs/io/io.c:288
/home/mlonmcu/Short-exercise-3/Gapuino_software/BUILD/GAP8_V2/GCC_RISCV/test:1c00a62e 00000060 t hyperflash_reg_get_async	/home/mlonmcu/gap_sdk/rtos/pmsis/pmsis_bsp/flash/hyperflash/hyperflash.c:211
/home/mlonmcu/Short-exercise-3/Gapuino_software/BUILD/GAP8_V2/GCC_RISCV/test:1c00ce36 00000062 t __rt_init_cluster_data	/home/mlonmcu/gap_sdk/rtos/pulp/pulp-os/kernel/cluster.c:72
/home/mlonmcu/Short-exercise-3/Gapuino_software/BUILD/GAP8_V2/GCC_RISCV/test:1c00ce98 00000064 t __rt_cluster_init	/home/mlonmcu/gap_sdk/rtos/pulp/pulp-os/kernel/cluster.c:382
/home/mlonmcu/Short-exercise-3/Gapuino_software/BUILD/GAP8_V2/GCC_RISCV/test:1c00c26c 00000064 T __rt_event_execute	/home/mlonmcu/gap_sdk/rtos/pulp/pulp-os/kernel/events.c:189
/home/mlonmcu/Short-exercise-3/Gapuino_software/BUILD/GAP8_V2/GCC_RISCV/test:1c0086cc 0000006a t KerConv3x1Stride1x1_Body_SQ8.isra.13	/home/mlonmcu/gap_sdk/tools/autotiler_v3/CNN_Libraries_SQ8/CNN_Conv_SQ8.c:3978
/home/mlonmcu/Short-exercise-3/Gapuino_software/BUILD/GAP8_V2/GCC_RISCV/test:1c00ae3c 0000006c T flash_partition_find_first	/home/mlonmcu/gap_sdk/rtos/pmsis/pmsis_bsp/partition/flash_partition.c:228
/home/mlonmcu/Short-exercise-3/Gapuino_software/BUILD/GAP8_V2/GCC_RISCV/test:1c00d136 00000070 T __rt_cluster_push_fc_event	/home/mlonmcu/gap_sdk/rtos/pulp/pulp-os/kernel/cluster.c:413
/home/mlonmcu/Short-exercise-3/Gapuino_software/BUILD/GAP8_V2/GCC_RISCV/test:1c00dffa 00000070 t __rt_io_lock
/home/mlonmcu/Short-exercise-3/Gapuino_software/BUILD/GAP8_V2/GCC_RISCV/test:1c00e09e 00000070 t __rt_io_unlock
/home/mlonmcu/Short-exercise-3/Gapuino_software/BUILD/GAP8_V2/GCC_RISCV/test:1c009e28 00000072 t __pi_fs_read_cached	/home/mlonmcu/gap_sdk/rtos/pmsis/pmsis_bsp/fs/read_fs/read_fs.c:434
/home/mlonmcu/Short-exercise-3/Gapuino_software/BUILD/GAP8_V2/GCC_RISCV/test:1c00c48c 00000072 T __rt_allocs_init	/home/mlonmcu/gap_sdk/rtos/pulp/pulp-os/kernel/alloc.c:465
/home/mlonmcu/Short-exercise-3/Gapuino_software/BUILD/GAP8_V2/GCC_RISCV/test:1c00e5b6 00000072 T __rt_io_init	/home/mlonmcu/gap_sdk/rtos/pulp/pulp-os/libs/io/io.c:800
/home/mlonmcu/Short-exercise-3/Gapuino_software/BUILD/GAP8_V2/GCC_RISCV/test:1c00aca0 00000074 T flash_partition_table_verify	/home/mlonmcu/gap_sdk/rtos/pmsis/pmsis_bsp/partition/flash_partition.c:80
/home/mlonmcu/Short-exercise-3/Gapuino_software/BUILD/GAP8_V2/GCC_RISCV/test:1c00e536 00000076 T exit	/home/mlonmcu/gap_sdk/rtos/pulp/pulp-os/libs/io/io.c:690
/home/mlonmcu/Short-exercise-3/Gapuino_software/BUILD/GAP8_V2/GCC_RISCV/test:1c00a4b2 00000076 t hyperflash_read_async	/home/mlonmcu/gap_sdk/rtos/pmsis/pmsis_bsp/flash/hyperflash/hyperflash.c:225
/home/mlonmcu/Short-exercise-3/Gapuino_software/BUILD/GAP8_V2/GCC_RISCV/test:1c00c196 00000076 T rt_event_alloc	/home/mlonmcu/gap_sdk/rtos/pulp/pulp-os/kernel/events.c:52
/home/mlonmcu/Short-exercise-3/Gapuino_software/BUILD/GAP8_V2/GCC_RISCV/test:1c00bf42 00000078 T __rt_bridge_handle_notif	/home/mlonmcu/gap_sdk/rtos/pulp/pulp-os/kernel/bridge.c:644
/home/mlonmcu/Short-exercise-3/Gapuino_software/BUILD/GAP8_V2/GCC_RISCV/test:1c00c0aa 00000078 T __rt_bridge_req_shutdown	/home/mlonmcu/gap_sdk/rtos/pulp/pulp-os/kernel/bridge.c:774
/home/mlonmcu/Short-exercise-3/Gapuino_software/BUILD/GAP8_V2/GCC_RISCV/test:1c00c55e 0000007a T rt_event_push_delayed	/home/mlonmcu/gap_sdk/rtos/pulp/pulp-os/kernel/time.c:53
/home/mlonmcu/Short-exercise-3/Gapuino_software/BUILD/GAP8_V2/GCC_RISCV/test:1c00bce0 0000007c t __rt_fc_cluster_lock_req	/home/mlonmcu/gap_sdk/rtos/pulp/pulp-os/kernel/utils.c:142
/home/mlonmcu/Short-exercise-3/Gapuino_software/BUILD/GAP8_V2/GCC_RISCV/test:1c01c410 00000080 b __pi_hyper_temp_buffer	/home/mlonmcu/gap_sdk/rtos/pulp/pulp-os/drivers/hyper/hyperram-v1.c:160
/home/mlonmcu/Short-exercise-3/Gapuino_software/BUILD/GAP8_V2/GCC_RISCV/test:1c01c57c 00000080 b __rt_io_event	/home/mlonmcu/gap_sdk/rtos/pulp/pulp-os/libs/io/io.c:39
/home/mlonmcu/Short-exercise-3/Gapuino_software/BUILD/GAP8_V2/GCC_RISCV/test:1c01c2c0 00000080 d __rt_putc_host_buffer	/home/mlonmcu/gap_sdk/rtos/pulp/pulp-os/libs/io/io.c:47
/home/mlonmcu/Short-exercise-3/Gapuino_software/BUILD/GAP8_V2/GCC_RISCV/test:1c00a08c 00000084 t __pi_host_fs_copy_2d_async	/home/mlonmcu/gap_sdk/rtos/pmsis/pmsis_bsp/fs/host_fs/host_fs.c:126
/home/mlonmcu/Short-exercise-3/Gapuino_software/BUILD/GAP8_V2/GCC_RISCV/test:1c00dd3c 00000086 T __pi_gpio_handler	/home/mlonmcu/gap_sdk/rtos/pulp/pulp-os/drivers/gpio/gpio-v2.c:54
/home/mlonmcu/Short-exercise-3/Gapuino_software/BUILD/GAP8_V2/GCC_RISCV/test:1c01c35c 00000088 b bsp_fs_data	/home/mlonmcu/gap_sdk/rtos/pmsis/pmsis_bsp/fs/host_fs/host_fs.c:27
/home/mlonmcu/Short-exercise-3/Gapuino_software/BUILD/GAP8_V2/GCC_RISCV/test:1c00a28e 0000008a t hyperflash_read_2d_async	/home/mlonmcu/gap_sdk/rtos/pmsis/pmsis_bsp/flash/hyperflash/hyperflash.c:237
/home/mlonmcu/Short-exercise-3/Gapuino_software/BUILD/GAP8_V2/GCC_RISCV/test:1c00c5fc 0000008c T __rt_time_init	/home/mlonmcu/gap_sdk/rtos/pulp/pulp-os/kernel/time.c:130
/home/mlonmcu/Short-exercise-3/Gapuino_software/BUILD/GAP8_V2/GCC_RISCV/test:1c00f386 0000008e T __rt_uart_open	/home/mlonmcu/gap_sdk/rtos/pulp/pulp-os/drivers_deprecated/uart/uart.c:151
/home/mlonmcu/Short-exercise-3/Gapuino_software/BUILD/GAP8_V2/GCC_RISCV/test:1c00a82e 00000090 t hyperflash_open	/home/mlonmcu/gap_sdk/rtos/pmsis/pmsis_bsp/flash/hyperflash/hyperflash.c:123
/home/mlonmcu/Short-exercise-3/Gapuino_software/BUILD/GAP8_V2/GCC_RISCV/test:1c00d21e 00000090 T rt_cluster_call	/home/mlonmcu/gap_sdk/rtos/pulp/pulp-os/kernel/pulpos_emu.c:40
/home/mlonmcu/Short-exercise-3/Gapuino_software/BUILD/GAP8_V2/GCC_RISCV/test:1c00ca3c 00000090 T __rt_pmu_cluster_power_down	/home/mlonmcu/gap_sdk/rtos/pulp/pulp-os/kernel/gap/pmu_driver.c:205
/home/mlonmcu/Short-exercise-3/Gapuino_software/BUILD/GAP8_V2/GCC_RISCV/test:1c00e1e8 00000092 t __rt_io_uart_wait_pending	/home/mlonmcu/gap_sdk/rtos/pulp/pulp-os/libs/io/io.c:332
/home/mlonmcu/Short-exercise-3/Gapuino_software/BUILD/GAP8_V2/GCC_RISCV/test:1c00e654 00000092 t _to_x	/home/mlonmcu/gap_sdk/rtos/pulp/pulp-os/libs/io/prf.c:44
/home/mlonmcu/Short-exercise-3/Gapuino_software/BUILD/GAP8_V2/GCC_RISCV/test:1c0082f4 00000094 T KerParReduct_CC_SQ8	/home/mlonmcu/gap_sdk/tools/autotiler_v3/CNN_Libraries_SQ8/CNN_Activation_SQ8.c:554
/home/mlonmcu/Short-exercise-3/Gapuino_software/BUILD/GAP8_V2/GCC_RISCV/test:1c009f7e 00000094 t __pi_read_fs_try_read	/home/mlonmcu/gap_sdk/rtos/pmsis/pmsis_bsp/fs/read_fs/read_fs.c:537
/home/mlonmcu/Short-exercise-3/Gapuino_software/BUILD/GAP8_V2/GCC_RISCV/test:1c008388 00000098 T KerParReduct_CC_ReLU_SQ8	/home/mlonmcu/gap_sdk/tools/autotiler_v3/CNN_Libraries_SQ8/CNN_Activation_SQ8.c:573
/home/mlonmcu/Short-exercise-3/Gapuino_software/BUILD/GAP8_V2/GCC_RISCV/test:1c01c4e4 00000098 b __rt_gpio	/home/mlonmcu/gap_sdk/rtos/pulp/pulp-os/drivers/gpio/gpio-v2.c:34
/home/mlonmcu/Short-exercise-3/Gapuino_software/BUILD/GAP8_V2/GCC_RISCV/test:1c00b7b0 0000009c T MD5_Update	/home/mlonmcu/gap_sdk/rtos/pmsis/pmsis_bsp/crc/md5.c:218
/home/mlonmcu/Short-exercise-3/Gapuino_software/BUILD/GAP8_V2/GCC_RISCV/test:1c009d8c 0000009c t __pi_read_fs_mount	/home/mlonmcu/gap_sdk/rtos/pmsis/pmsis_bsp/fs/read_fs/read_fs.c:242
/home/mlonmcu/Short-exercise-3/Gapuino_software/BUILD/GAP8_V2/GCC_RISCV/test:1c00d6b4 0000009e T pi_hyper_close	/home/mlonmcu/gap_sdk/rtos/pulp/pulp-os/drivers/hyper/hyperram-v1.c:337
/home/mlonmcu/Short-exercise-3/Gapuino_software/BUILD/GAP8_V2/GCC_RISCV/test:1c00dba4 0000009e t __pi_hyper_copy_2d	/home/mlonmcu/gap_sdk/rtos/pulp/pulp-os/drivers/hyper/hyperram-v1.c:946
/home/mlonmcu/Short-exercise-3/Gapuino_software/BUILD/GAP8_V2/GCC_RISCV/test:1c00104a 000000a4 T __extendsfdf2	/home/haugoug/src/riscv-gnu-toolchain/riscv-gcc/libgcc/soft-fp/extendsfdf2.c:37
/home/mlonmcu/Short-exercise-3/Gapuino_software/BUILD/GAP8_V2/GCC_RISCV/test:1c00cbac 000000a4 T InitOneFll	/home/mlonmcu/gap_sdk/rtos/pulp/pulp-os/kernel/gap/pmu_driver.c:771
/home/mlonmcu/Short-exercise-3/Gapuino_software/BUILD/GAP8_V2/GCC_RISCV/test:1c00aa22 000000aa t hyperflash_erase_resume	/home/mlonmcu/gap_sdk/rtos/pmsis/pmsis_bsp/flash/hyperflash/hyperflash.c:615
/home/mlonmcu/Short-exercise-3/Gapuino_software/BUILD/GAP8_V2/GCC_RISCV/test:1c00e3e6 000000ac t tfp_putc.isra.9	/home/mlonmcu/gap_sdk/rtos/pulp/pulp-os/libs/io/io.c:795
/home/mlonmcu/Short-exercise-3/Gapuino_software/BUILD/GAP8_V2/GCC_RISCV/test:1c00a6e4 000000b2 t hyperflash_program_resume	/home/mlonmcu/gap_sdk/rtos/pmsis/pmsis_bsp/flash/hyperflash/hyperflash.c:489
/home/mlonmcu/Short-exercise-3/Gapuino_software/BUILD/GAP8_V2/GCC_RISCV/test:1c000f96 000000b4 T __floatunsisf	/home/haugoug/src/riscv-gnu-toolchain/riscv-gcc/libgcc/soft-fp/floatunsisf.c:35
/home/mlonmcu/Short-exercise-3/Gapuino_software/BUILD/GAP8_V2/GCC_RISCV/test:1c00a3fe 000000b4 t hyperflash_erase_chip_async	/home/mlonmcu/gap_sdk/rtos/pmsis/pmsis_bsp/flash/hyperflash/hyperflash.c:575
/home/mlonmcu/Short-exercise-3/Gapuino_software/BUILD/GAP8_V2/GCC_RISCV/test:1c008420 000000b4 T KerParSetBiasB32_SQ8	/home/mlonmcu/gap_sdk/tools/autotiler_v3/CNN_Libraries_SQ8/CNN_Bias_Linear_SQ8.c:36
/home/mlonmcu/Short-exercise-3/Gapuino_software/BUILD/GAP8_V2/GCC_RISCV/test:1c008526 000000bc t KerConv3x1BorderStrideNx1_SQ8.isra.3	/home/mlonmcu/gap_sdk/tools/autotiler_v3/CNN_Libraries_SQ8/CNN_Conv_SQ8.c:3978
/home/mlonmcu/Short-exercise-3/Gapuino_software/BUILD/GAP8_V2/GCC_RISCV/test:1c00cd5e 000000bc T __rt_pmu_init	/home/mlonmcu/gap_sdk/rtos/pulp/pulp-os/kernel/gap/pmu_driver.c:472
/home/mlonmcu/Short-exercise-3/Gapuino_software/BUILD/GAP8_V2/GCC_RISCV/test:1c00a340 000000be t hyperflash_erase_sector_async	/home/mlonmcu/gap_sdk/rtos/pmsis/pmsis_bsp/flash/hyperflash/hyperflash.c:594
/home/mlonmcu/Short-exercise-3/Gapuino_software/BUILD/GAP8_V2/GCC_RISCV/test:1c010504 000000c0 D __hal_debug_struct
/home/mlonmcu/Short-exercise-3/Gapuino_software/BUILD/GAP8_V2/GCC_RISCV/test:1c00cc50 000000ca T __rt_pmu_cluster_power_up
/home/mlonmcu/Short-exercise-3/Gapuino_software/BUILD/GAP8_V2/GCC_RISCV/test:1c00d02c 000000d8 T pi_cluster_open	/home/mlonmcu/gap_sdk/rtos/pulp/pulp-os/kernel/cluster.c:343
/home/mlonmcu/Short-exercise-3/Gapuino_software/BUILD/GAP8_V2/GCC_RISCV/test:1c00e10e 000000da t __rt_io_uart_flush.constprop.11	/home/mlonmcu/gap_sdk/rtos/pulp/pulp-os/libs/io/io.c:795
/home/mlonmcu/Short-exercise-3/Gapuino_software/BUILD/GAP8_V2/GCC_RISCV/test:1c00cacc 000000e0 T SetFllFrequency
/home/mlonmcu/Short-exercise-3/Gapuino_software/BUILD/GAP8_V2/GCC_RISCV/test:1c009e9a 000000e4 T __pi_fs_read	/home/mlonmcu/gap_sdk/rtos/pmsis/pmsis_bsp/fs/read_fs/read_fs.c:455
/home/mlonmcu/Short-exercise-3/Gapuino_software/BUILD/GAP8_V2/GCC_RISCV/test:1c0085e2 000000ea t KerConvNxMDxDyStrideSxSy_Body_SQ8.isra.10	/home/mlonmcu/gap_sdk/tools/autotiler_v3/CNN_Libraries_SQ8/CNN_Conv_SQ8.c:3978
/home/mlonmcu/Short-exercise-3/Gapuino_software/BUILD/GAP8_V2/GCC_RISCV/test:1c010240 000000ec D AT_GraphNodeNames
/home/mlonmcu/Short-exercise-3/Gapuino_software/BUILD/GAP8_V2/GCC_RISCV/test:1c01032c 000000ec D AT_GraphOperInfosNames
/home/mlonmcu/Short-exercise-3/Gapuino_software/BUILD/GAP8_V2/GCC_RISCV/test:1c01c648 000000ec B AT_GraphPerf
/home/mlonmcu/Short-exercise-3/Gapuino_software/BUILD/GAP8_V2/GCC_RISCV/test:1c0010ee 000000f0 T cluster_task_CNN	/home/mlonmcu/Short-exercise-3/Gapuino_software/main.c:99
/home/mlonmcu/Short-exercise-3/Gapuino_software/BUILD/GAP8_V2/GCC_RISCV/test:1c00c688 000000f2 T __rt_timer_handler	/home/mlonmcu/gap_sdk/rtos/pulp/pulp-os/kernel/time_irq.c:30
/home/mlonmcu/Short-exercise-3/Gapuino_software/BUILD/GAP8_V2/GCC_RISCV/test:1c00d30a 000000fa T pi_cluster_send_task_to_cl_async	/home/mlonmcu/gap_sdk/rtos/pulp/pulp-os/kernel/cluster_call.c:65
/home/mlonmcu/Short-exercise-3/Gapuino_software/BUILD/GAP8_V2/GCC_RISCV/test:1c00f78c 00000100 R __clz_tab
/home/mlonmcu/Short-exercise-3/Gapuino_software/BUILD/GAP8_V2/GCC_RISCV/test:1c00ad14 00000104 T flash_partition_table_load	/home/mlonmcu/gap_sdk/rtos/pmsis/pmsis_bsp/partition/flash_partition.c:114
/home/mlonmcu/Short-exercise-3/Gapuino_software/BUILD/GAP8_V2/GCC_RISCV/test:1c00a528 00000106 t hyperflash_handle_pending_task	/home/mlonmcu/gap_sdk/rtos/pmsis/pmsis_bsp/flash/hyperflash/hyperflash.c:251
/home/mlonmcu/Short-exercise-3/Gapuino_software/BUILD/GAP8_V2/GCC_RISCV/test:1c009aee 00000126 t __pi_read_fs_open	/home/mlonmcu/gap_sdk/rtos/pmsis/pmsis_bsp/fs/read_fs/read_fs.c:295
/home/mlonmcu/Short-exercise-3/Gapuino_software/BUILD/GAP8_V2/GCC_RISCV/test:1c009c14 0000012a t __pi_fs_mount_step	/home/mlonmcu/gap_sdk/rtos/pmsis/pmsis_bsp/fs/read_fs/read_fs.c:140
/home/mlonmcu/Short-exercise-3/Gapuino_software/BUILD/GAP8_V2/GCC_RISCV/test:1c00cefc 0000012a t __rt_cluster_mount_step	/home/mlonmcu/gap_sdk/rtos/pulp/pulp-os/kernel/cluster.c:221
/home/mlonmcu/Short-exercise-3/Gapuino_software/BUILD/GAP8_V2/GCC_RISCV/test:1c00c77a 00000134 T rt_periph_copy	/home/mlonmcu/gap_sdk/rtos/pulp/pulp-os/kernel/periph-v2.c:58
/home/mlonmcu/Short-exercise-3/Gapuino_software/BUILD/GAP8_V2/GCC_RISCV/test:1c00b84c 00000138 T MD5_Final	/home/mlonmcu/gap_sdk/rtos/pmsis/pmsis_bsp/crc/md5.c:258
/home/mlonmcu/Short-exercise-3/Gapuino_software/BUILD/GAP8_V2/GCC_RISCV/test:1c00d554 00000160 T pi_hyper_open	/home/mlonmcu/gap_sdk/rtos/pulp/pulp-os/drivers/hyper/hyperram-v1.c:261
/home/mlonmcu/Short-exercise-3/Gapuino_software/BUILD/GAP8_V2/GCC_RISCV/test:1c00ba5c 00000168 T __rt_init	/home/mlonmcu/gap_sdk/rtos/pulp/pulp-os/kernel/init.c:74
/home/mlonmcu/Short-exercise-3/Gapuino_software/BUILD/GAP8_V2/GCC_RISCV/test:1c008f86 00000184 T KerParConv3x1Stride1x1_SQ8	/home/mlonmcu/gap_sdk/tools/autotiler_v3/CNN_Libraries_SQ8/CNN_Conv_SQ8.c:3283
/home/mlonmcu/Short-exercise-3/Gapuino_software/BUILD/GAP8_V2/GCC_RISCV/test:00000030 00000280 D periph_channels
/home/mlonmcu/Short-exercise-3/Gapuino_software/BUILD/GAP8_V2/GCC_RISCV/test:1c00910a 0000028a T KerParConvNxMDxDyStrideSxSy_SQ8	/home/mlonmcu/gap_sdk/tools/autotiler_v3/CNN_Libraries_SQ8/CNN_Conv_SQ8.c:3987
/home/mlonmcu/Short-exercise-3/Gapuino_software/BUILD/GAP8_V2/GCC_RISCV/test:1c00962a 00000296 T KerParMatAdd_ReLU_SQ8	/home/mlonmcu/gap_sdk/tools/autotiler_v3/CNN_Libraries_SQ8/CNN_MatAlgebra_SQ8.c:73
/home/mlonmcu/Short-exercise-3/Gapuino_software/BUILD/GAP8_V2/GCC_RISCV/test:1c009394 00000296 T KerParMatAdd_SQ8	/home/mlonmcu/gap_sdk/tools/autotiler_v3/CNN_Libraries_SQ8/CNN_MatAlgebra_SQ8.c:26
/home/mlonmcu/Short-exercise-3/Gapuino_software/BUILD/GAP8_V2/GCC_RISCV/test:1c00d90e 00000296 t __pi_hyper_copy_misaligned	/home/mlonmcu/gap_sdk/rtos/pulp/pulp-os/drivers/hyper/hyperram-v1.c:806
/home/mlonmcu/Short-exercise-3/Gapuino_software/BUILD/GAP8_V2/GCC_RISCV/test:1c002194 0000032c T S5_MatAdd_16x1x299_Relu	/home/mlonmcu/Short-exercise-3/Gapuino_software/HeySnips/quant_modelKernels.c:482
/home/mlonmcu/Short-exercise-3/Gapuino_software/BUILD/GAP8_V2/GCC_RISCV/test:1c002ae2 0000032e T S8_MatAdd_16x1x299	/home/mlonmcu/Short-exercise-3/Gapuino_software/HeySnips/quant_modelKernels.c:898
/home/mlonmcu/Short-exercise-3/Gapuino_software/BUILD/GAP8_V2/GCC_RISCV/test:1c000930 0000032e T __umoddi3	/home/haugoug/src/riscv-gnu-toolchain/riscv-gcc/libgcc/libgcc2.c:1305
/home/mlonmcu/Short-exercise-3/Gapuino_software/BUILD/GAP8_V2/GCC_RISCV/test:1c000c5e 00000338 T __divsf3	/home/haugoug/src/riscv-gnu-toolchain/riscv-gcc/libgcc/soft-fp/divsf3.c:35
/home/mlonmcu/Short-exercise-3/Gapuino_software/BUILD/GAP8_V2/GCC_RISCV/test:1c0005f4 0000033c T __udivdi3	/home/haugoug/src/riscv-gnu-toolchain/riscv-gcc/libgcc/libgcc2.c:1317
/home/mlonmcu/Short-exercise-3/Gapuino_software/BUILD/GAP8_V2/GCC_RISCV/test:1c0011de 0000038c T main	/home/mlonmcu/Short-exercise-3/Gapuino_software/main.c:152
/home/mlonmcu/Short-exercise-3/Gapuino_software/BUILD/GAP8_V2/GCC_RISCV/test:1c01be9c 000003d8 D rx_buff	/home/mlonmcu/Short-exercise-3/Gapuino_software/main.c:53
/home/mlonmcu/Short-exercise-3/Gapuino_software/BUILD/GAP8_V2/GCC_RISCV/test:1c001b86 0000060e T S3_Conv2d_16x16x1x3_Relu	/home/mlonmcu/Short-exercise-3/Gapuino_software/HeySnips/quant_modelKernels.c:164
/home/mlonmcu/Short-exercise-3/Gapuino_software/BUILD/GAP8_V2/GCC_RISCV/test:1c00156a 0000061c T S2_Conv2d_16x20x1x3	/home/mlonmcu/Short-exercise-3/Gapuino_software/HeySnips/quant_modelKernels.c:5
/home/mlonmcu/Short-exercise-3/Gapuino_software/BUILD/GAP8_V2/GCC_RISCV/test:1c002e10 00000622 T S10_Conv2d_16x16x1x3_Relu	/home/mlonmcu/Short-exercise-3/Gapuino_software/HeySnips/quant_modelKernels.c:1070
/home/mlonmcu/Short-exercise-3/Gapuino_software/BUILD/GAP8_V2/GCC_RISCV/test:1c003a56 00000622 T S18_Conv2d_16x16x1x3_Relu	/home/mlonmcu/Short-exercise-3/Gapuino_software/HeySnips/quant_modelKernels.c:2074
/home/mlonmcu/Short-exercise-3/Gapuino_software/BUILD/GAP8_V2/GCC_RISCV/test:1c0024c0 00000622 T S6_Conv2d_16x16x1x3_Relu	/home/mlonmcu/Short-exercise-3/Gapuino_software/HeySnips/quant_modelKernels.c:568
/home/mlonmcu/Short-exercise-3/Gapuino_software/BUILD/GAP8_V2/GCC_RISCV/test:1c003432 00000624 T S14_Conv2d_16x16x1x3_Relu	/home/mlonmcu/Short-exercise-3/Gapuino_software/HeySnips/quant_modelKernels.c:1572
/home/mlonmcu/Short-exercise-3/Gapuino_software/BUILD/GAP8_V2/GCC_RISCV/test:1b000398 00000800 D __rt_fc_stack	/home/mlonmcu/gap_sdk/rtos/pulp/pulp-os/kernel/conf.c:38
/home/mlonmcu/Short-exercise-3/Gapuino_software/BUILD/GAP8_V2/GCC_RISCV/test:1c008736 00000850 T KerConvNxMDxDyStrideSxSy_Border_SQ8	/home/mlonmcu/gap_sdk/tools/autotiler_v3/CNN_Libraries_SQ8/CNN_Conv_SQ8.c:1382
/home/mlonmcu/Short-exercise-3/Gapuino_software/BUILD/GAP8_V2/GCC_RISCV/test:1c00aea8 000008d6 t body	/home/mlonmcu/gap_sdk/rtos/pmsis/pmsis_bsp/crc/md5.c:100
/home/mlonmcu/Short-exercise-3/Gapuino_software/BUILD/GAP8_V2/GCC_RISCV/test:1c00e77e 00000ab6 T _prf	/home/mlonmcu/gap_sdk/rtos/pulp/pulp-os/libs/io/prf.c:437
/home/mlonmcu/Short-exercise-3/Gapuino_software/BUILD/GAP8_V2/GCC_RISCV/test:1c007598 00000d5c T quant_modelCNN	/home/mlonmcu/Short-exercise-3/Gapuino_software/HeySnips/quant_modelKernels.c:8181
/home/mlonmcu/Short-exercise-3/Gapuino_software/BUILD/GAP8_V2/GCC_RISCV/test:1c004078 000034c6 T quant_modelCNN_Construct	/home/mlonmcu/Short-exercise-3/Gapuino_software/HeySnips/quant_modelKernels.c:7486
/home/mlonmcu/Short-exercise-3/Gapuino_software/BUILD/GAP8_V2/GCC_RISCV/test:1c01061c 00003d80 D cnn_data	/home/mlonmcu/Short-exercise-3/Gapuino_software/main.c:70
/home/mlonmcu/Short-exercise-3/Gapuino_software/BUILD/GAP8_V2/GCC_RISCV/test:1c01439c 00007b00 D input_data	/home/mlonmcu/Short-exercise-3/Gapuino_software/main.c:69
